18:43:42 **** Build of configuration Debug for project minisumo ****
make all 
Building file: D:/workspace/minisumo/MinisumoSTM-master/minisumo/Drivers/STM32F1xx_HAL_Driver/Src/stm32f1xx_hal.c
Invoking: MCU GCC Compiler
D:\workspace\minisumo\MinisumoSTM-master\minisumo\SW4STM32\minisumo\Debug
arm-none-eabi-gcc -mcpu=cortex-m3 -mthumb -mfloat-abi=soft '-D__weak=__attribute__((weak))' '-D__packed="__attribute__((__packed__))"' -DUSE_HAL_DRIVER -DSTM32F100xB -I"D:/workspace/minisumo/MinisumoSTM-master/minisumo/Inc" -I"D:/workspace/minisumo/MinisumoSTM-master/minisumo/Drivers/STM32F1xx_HAL_Driver/Inc" -I"D:/workspace/minisumo/MinisumoSTM-master/minisumo/Drivers/STM32F1xx_HAL_Driver/Inc/Legacy" -I"D:/workspace/minisumo/MinisumoSTM-master/minisumo/Drivers/CMSIS/Device/ST/STM32F1xx/Include" -I"D:/workspace/minisumo/MinisumoSTM-master/minisumo/Drivers/CMSIS/Include" -I"D:/workspace/minisumo/MinisumoSTM-master/minisumo/Inc"  -Og -g3 -Wall -fmessage-length=0 -ffunction-sections -c -fmessage-length=0 -MMD -MP -MF"Drivers/STM32F1xx_HAL_Driver/stm32f1xx_hal.d" -MT"Drivers/STM32F1xx_HAL_Driver/stm32f1xx_hal.o" -o "Drivers/STM32F1xx_HAL_Driver/stm32f1xx_hal.o" "D:/workspace/minisumo/MinisumoSTM-master/minisumo/Drivers/STM32F1xx_HAL_Driver/Src/stm32f1xx_hal.c"
Finished building: D:/workspace/minisumo/MinisumoSTM-master/minisumo/Drivers/STM32F1xx_HAL_Driver/Src/stm32f1xx_hal.c
 
Building file: D:/workspace/minisumo/MinisumoSTM-master/minisumo/Drivers/STM32F1xx_HAL_Driver/Src/stm32f1xx_hal_adc.c
Invoking: MCU GCC Compiler
D:\workspace\minisumo\MinisumoSTM-master\minisumo\SW4STM32\minisumo\Debug
arm-none-eabi-gcc -mcpu=cortex-m3 -mthumb -mfloat-abi=soft '-D__weak=__attribute__((weak))' '-D__packed="__attribute__((__packed__))"' -DUSE_HAL_DRIVER -DSTM32F100xB -I"D:/workspace/minisumo/MinisumoSTM-master/minisumo/Inc" -I"D:/workspace/minisumo/MinisumoSTM-master/minisumo/Drivers/STM32F1xx_HAL_Driver/Inc" -I"D:/workspace/minisumo/MinisumoSTM-master/minisumo/Drivers/STM32F1xx_HAL_Driver/Inc/Legacy" -I"D:/workspace/minisumo/MinisumoSTM-master/minisumo/Drivers/CMSIS/Device/ST/STM32F1xx/Include" -I"D:/workspace/minisumo/MinisumoSTM-master/minisumo/Drivers/CMSIS/Include" -I"D:/workspace/minisumo/MinisumoSTM-master/minisumo/Inc"  -Og -g3 -Wall -fmessage-length=0 -ffunction-sections -c -fmessage-length=0 -MMD -MP -MF"Drivers/STM32F1xx_HAL_Driver/stm32f1xx_hal_adc.d" -MT"Drivers/STM32F1xx_HAL_Driver/stm32f1xx_hal_adc.o" -o "Drivers/STM32F1xx_HAL_Driver/stm32f1xx_hal_adc.o" "D:/workspace/minisumo/MinisumoSTM-master/minisumo/Drivers/STM32F1xx_HAL_Driver/Src/stm32f1xx_hal_adc.c"
Finished building: D:/workspace/minisumo/MinisumoSTM-master/minisumo/Drivers/STM32F1xx_HAL_Driver/Src/stm32f1xx_hal_adc.c
 
Building file: D:/workspace/minisumo/MinisumoSTM-master/minisumo/Drivers/STM32F1xx_HAL_Driver/Src/stm32f1xx_hal_adc_ex.c
Invoking: MCU GCC Compiler
D:\workspace\minisumo\MinisumoSTM-master\minisumo\SW4STM32\minisumo\Debug
arm-none-eabi-gcc -mcpu=cortex-m3 -mthumb -mfloat-abi=soft '-D__weak=__attribute__((weak))' '-D__packed="__attribute__((__packed__))"' -DUSE_HAL_DRIVER -DSTM32F100xB -I"D:/workspace/minisumo/MinisumoSTM-master/minisumo/Inc" -I"D:/workspace/minisumo/MinisumoSTM-master/minisumo/Drivers/STM32F1xx_HAL_Driver/Inc" -I"D:/workspace/minisumo/MinisumoSTM-master/minisumo/Drivers/STM32F1xx_HAL_Driver/Inc/Legacy" -I"D:/workspace/minisumo/MinisumoSTM-master/minisumo/Drivers/CMSIS/Device/ST/STM32F1xx/Include" -I"D:/workspace/minisumo/MinisumoSTM-master/minisumo/Drivers/CMSIS/Include" -I"D:/workspace/minisumo/MinisumoSTM-master/minisumo/Inc"  -Og -g3 -Wall -fmessage-length=0 -ffunction-sections -c -fmessage-length=0 -MMD -MP -MF"Drivers/STM32F1xx_HAL_Driver/stm32f1xx_hal_adc_ex.d" -MT"Drivers/STM32F1xx_HAL_Driver/stm32f1xx_hal_adc_ex.o" -o "Drivers/STM32F1xx_HAL_Driver/stm32f1xx_hal_adc_ex.o" "D:/workspace/minisumo/MinisumoSTM-master/minisumo/Drivers/STM32F1xx_HAL_Driver/Src/stm32f1xx_hal_adc_ex.c"
Finished building: D:/workspace/minisumo/MinisumoSTM-master/minisumo/Drivers/STM32F1xx_HAL_Driver/Src/stm32f1xx_hal_adc_ex.c
 
Building file: D:/workspace/minisumo/MinisumoSTM-master/minisumo/Drivers/STM32F1xx_HAL_Driver/Src/stm32f1xx_hal_cortex.c
Invoking: MCU GCC Compiler
D:\workspace\minisumo\MinisumoSTM-master\minisumo\SW4STM32\minisumo\Debug
arm-none-eabi-gcc -mcpu=cortex-m3 -mthumb -mfloat-abi=soft '-D__weak=__attribute__((weak))' '-D__packed="__attribute__((__packed__))"' -DUSE_HAL_DRIVER -DSTM32F100xB -I"D:/workspace/minisumo/MinisumoSTM-master/minisumo/Inc" -I"D:/workspace/minisumo/MinisumoSTM-master/minisumo/Drivers/STM32F1xx_HAL_Driver/Inc" -I"D:/workspace/minisumo/MinisumoSTM-master/minisumo/Drivers/STM32F1xx_HAL_Driver/Inc/Legacy" -I"D:/workspace/minisumo/MinisumoSTM-master/minisumo/Drivers/CMSIS/Device/ST/STM32F1xx/Include" -I"D:/workspace/minisumo/MinisumoSTM-master/minisumo/Drivers/CMSIS/Include" -I"D:/workspace/minisumo/MinisumoSTM-master/minisumo/Inc"  -Og -g3 -Wall -fmessage-length=0 -ffunction-sections -c -fmessage-length=0 -MMD -MP -MF"Drivers/STM32F1xx_HAL_Driver/stm32f1xx_hal_cortex.d" -MT"Drivers/STM32F1xx_HAL_Driver/stm32f1xx_hal_cortex.o" -o "Drivers/STM32F1xx_HAL_Driver/stm32f1xx_hal_cortex.o" "D:/workspace/minisumo/MinisumoSTM-master/minisumo/Drivers/STM32F1xx_HAL_Driver/Src/stm32f1xx_hal_cortex.c"
Finished building: D:/workspace/minisumo/MinisumoSTM-master/minisumo/Drivers/STM32F1xx_HAL_Driver/Src/stm32f1xx_hal_cortex.c
 
Building file: D:/workspace/minisumo/MinisumoSTM-master/minisumo/Drivers/STM32F1xx_HAL_Driver/Src/stm32f1xx_hal_dma.c
Invoking: MCU GCC Compiler
D:\workspace\minisumo\MinisumoSTM-master\minisumo\SW4STM32\minisumo\Debug
arm-none-eabi-gcc -mcpu=cortex-m3 -mthumb -mfloat-abi=soft '-D__weak=__attribute__((weak))' '-D__packed="__attribute__((__packed__))"' -DUSE_HAL_DRIVER -DSTM32F100xB -I"D:/workspace/minisumo/MinisumoSTM-master/minisumo/Inc" -I"D:/workspace/minisumo/MinisumoSTM-master/minisumo/Drivers/STM32F1xx_HAL_Driver/Inc" -I"D:/workspace/minisumo/MinisumoSTM-master/minisumo/Drivers/STM32F1xx_HAL_Driver/Inc/Legacy" -I"D:/workspace/minisumo/MinisumoSTM-master/minisumo/Drivers/CMSIS/Device/ST/STM32F1xx/Include" -I"D:/workspace/minisumo/MinisumoSTM-master/minisumo/Drivers/CMSIS/Include" -I"D:/workspace/minisumo/MinisumoSTM-master/minisumo/Inc"  -Og -g3 -Wall -fmessage-length=0 -ffunction-sections -c -fmessage-length=0 -MMD -MP -MF"Drivers/STM32F1xx_HAL_Driver/stm32f1xx_hal_dma.d" -MT"Drivers/STM32F1xx_HAL_Driver/stm32f1xx_hal_dma.o" -o "Drivers/STM32F1xx_HAL_Driver/stm32f1xx_hal_dma.o" "D:/workspace/minisumo/MinisumoSTM-master/minisumo/Drivers/STM32F1xx_HAL_Driver/Src/stm32f1xx_hal_dma.c"
Finished building: D:/workspace/minisumo/MinisumoSTM-master/minisumo/Drivers/STM32F1xx_HAL_Driver/Src/stm32f1xx_hal_dma.c
 
Building file: D:/workspace/minisumo/MinisumoSTM-master/minisumo/Drivers/STM32F1xx_HAL_Driver/Src/stm32f1xx_hal_flash.c
Invoking: MCU GCC Compiler
D:\workspace\minisumo\MinisumoSTM-master\minisumo\SW4STM32\minisumo\Debug
arm-none-eabi-gcc -mcpu=cortex-m3 -mthumb -mfloat-abi=soft '-D__weak=__attribute__((weak))' '-D__packed="__attribute__((__packed__))"' -DUSE_HAL_DRIVER -DSTM32F100xB -I"D:/workspace/minisumo/MinisumoSTM-master/minisumo/Inc" -I"D:/workspace/minisumo/MinisumoSTM-master/minisumo/Drivers/STM32F1xx_HAL_Driver/Inc" -I"D:/workspace/minisumo/MinisumoSTM-master/minisumo/Drivers/STM32F1xx_HAL_Driver/Inc/Legacy" -I"D:/workspace/minisumo/MinisumoSTM-master/minisumo/Drivers/CMSIS/Device/ST/STM32F1xx/Include" -I"D:/workspace/minisumo/MinisumoSTM-master/minisumo/Drivers/CMSIS/Include" -I"D:/workspace/minisumo/MinisumoSTM-master/minisumo/Inc"  -Og -g3 -Wall -fmessage-length=0 -ffunction-sections -c -fmessage-length=0 -MMD -MP -MF"Drivers/STM32F1xx_HAL_Driver/stm32f1xx_hal_flash.d" -MT"Drivers/STM32F1xx_HAL_Driver/stm32f1xx_hal_flash.o" -o "Drivers/STM32F1xx_HAL_Driver/stm32f1xx_hal_flash.o" "D:/workspace/minisumo/MinisumoSTM-master/minisumo/Drivers/STM32F1xx_HAL_Driver/Src/stm32f1xx_hal_flash.c"
Finished building: D:/workspace/minisumo/MinisumoSTM-master/minisumo/Drivers/STM32F1xx_HAL_Driver/Src/stm32f1xx_hal_flash.c
 
Building file: D:/workspace/minisumo/MinisumoSTM-master/minisumo/Drivers/STM32F1xx_HAL_Driver/Src/stm32f1xx_hal_flash_ex.c
Invoking: MCU GCC Compiler
D:\workspace\minisumo\MinisumoSTM-master\minisumo\SW4STM32\minisumo\Debug
arm-none-eabi-gcc -mcpu=cortex-m3 -mthumb -mfloat-abi=soft '-D__weak=__attribute__((weak))' '-D__packed="__attribute__((__packed__))"' -DUSE_HAL_DRIVER -DSTM32F100xB -I"D:/workspace/minisumo/MinisumoSTM-master/minisumo/Inc" -I"D:/workspace/minisumo/MinisumoSTM-master/minisumo/Drivers/STM32F1xx_HAL_Driver/Inc" -I"D:/workspace/minisumo/MinisumoSTM-master/minisumo/Drivers/STM32F1xx_HAL_Driver/Inc/Legacy" -I"D:/workspace/minisumo/MinisumoSTM-master/minisumo/Drivers/CMSIS/Device/ST/STM32F1xx/Include" -I"D:/workspace/minisumo/MinisumoSTM-master/minisumo/Drivers/CMSIS/Include" -I"D:/workspace/minisumo/MinisumoSTM-master/minisumo/Inc"  -Og -g3 -Wall -fmessage-length=0 -ffunction-sections -c -fmessage-length=0 -MMD -MP -MF"Drivers/STM32F1xx_HAL_Driver/stm32f1xx_hal_flash_ex.d" -MT"Drivers/STM32F1xx_HAL_Driver/stm32f1xx_hal_flash_ex.o" -o "Drivers/STM32F1xx_HAL_Driver/stm32f1xx_hal_flash_ex.o" "D:/workspace/minisumo/MinisumoSTM-master/minisumo/Drivers/STM32F1xx_HAL_Driver/Src/stm32f1xx_hal_flash_ex.c"
Finished building: D:/workspace/minisumo/MinisumoSTM-master/minisumo/Drivers/STM32F1xx_HAL_Driver/Src/stm32f1xx_hal_flash_ex.c
 
Building file: D:/workspace/minisumo/MinisumoSTM-master/minisumo/Drivers/STM32F1xx_HAL_Driver/Src/stm32f1xx_hal_gpio.c
Invoking: MCU GCC Compiler
D:\workspace\minisumo\MinisumoSTM-master\minisumo\SW4STM32\minisumo\Debug
arm-none-eabi-gcc -mcpu=cortex-m3 -mthumb -mfloat-abi=soft '-D__weak=__attribute__((weak))' '-D__packed="__attribute__((__packed__))"' -DUSE_HAL_DRIVER -DSTM32F100xB -I"D:/workspace/minisumo/MinisumoSTM-master/minisumo/Inc" -I"D:/workspace/minisumo/MinisumoSTM-master/minisumo/Drivers/STM32F1xx_HAL_Driver/Inc" -I"D:/workspace/minisumo/MinisumoSTM-master/minisumo/Drivers/STM32F1xx_HAL_Driver/Inc/Legacy" -I"D:/workspace/minisumo/MinisumoSTM-master/minisumo/Drivers/CMSIS/Device/ST/STM32F1xx/Include" -I"D:/workspace/minisumo/MinisumoSTM-master/minisumo/Drivers/CMSIS/Include" -I"D:/workspace/minisumo/MinisumoSTM-master/minisumo/Inc"  -Og -g3 -Wall -fmessage-length=0 -ffunction-sections -c -fmessage-length=0 -MMD -MP -MF"Drivers/STM32F1xx_HAL_Driver/stm32f1xx_hal_gpio.d" -MT"Drivers/STM32F1xx_HAL_Driver/stm32f1xx_hal_gpio.o" -o "Drivers/STM32F1xx_HAL_Driver/stm32f1xx_hal_gpio.o" "D:/workspace/minisumo/MinisumoSTM-master/minisumo/Drivers/STM32F1xx_HAL_Driver/Src/stm32f1xx_hal_gpio.c"
Finished building: D:/workspace/minisumo/MinisumoSTM-master/minisumo/Drivers/STM32F1xx_HAL_Driver/Src/stm32f1xx_hal_gpio.c
 
Building file: D:/workspace/minisumo/MinisumoSTM-master/minisumo/Drivers/STM32F1xx_HAL_Driver/Src/stm32f1xx_hal_gpio_ex.c
Invoking: MCU GCC Compiler
D:\workspace\minisumo\MinisumoSTM-master\minisumo\SW4STM32\minisumo\Debug
arm-none-eabi-gcc -mcpu=cortex-m3 -mthumb -mfloat-abi=soft '-D__weak=__attribute__((weak))' '-D__packed="__attribute__((__packed__))"' -DUSE_HAL_DRIVER -DSTM32F100xB -I"D:/workspace/minisumo/MinisumoSTM-master/minisumo/Inc" -I"D:/workspace/minisumo/MinisumoSTM-master/minisumo/Drivers/STM32F1xx_HAL_Driver/Inc" -I"D:/workspace/minisumo/MinisumoSTM-master/minisumo/Drivers/STM32F1xx_HAL_Driver/Inc/Legacy" -I"D:/workspace/minisumo/MinisumoSTM-master/minisumo/Drivers/CMSIS/Device/ST/STM32F1xx/Include" -I"D:/workspace/minisumo/MinisumoSTM-master/minisumo/Drivers/CMSIS/Include" -I"D:/workspace/minisumo/MinisumoSTM-master/minisumo/Inc"  -Og -g3 -Wall -fmessage-length=0 -ffunction-sections -c -fmessage-length=0 -MMD -MP -MF"Drivers/STM32F1xx_HAL_Driver/stm32f1xx_hal_gpio_ex.d" -MT"Drivers/STM32F1xx_HAL_Driver/stm32f1xx_hal_gpio_ex.o" -o "Drivers/STM32F1xx_HAL_Driver/stm32f1xx_hal_gpio_ex.o" "D:/workspace/minisumo/MinisumoSTM-master/minisumo/Drivers/STM32F1xx_HAL_Driver/Src/stm32f1xx_hal_gpio_ex.c"
Finished building: D:/workspace/minisumo/MinisumoSTM-master/minisumo/Drivers/STM32F1xx_HAL_Driver/Src/stm32f1xx_hal_gpio_ex.c
 
Building file: D:/workspace/minisumo/MinisumoSTM-master/minisumo/Drivers/STM32F1xx_HAL_Driver/Src/stm32f1xx_hal_pwr.c
Invoking: MCU GCC Compiler
D:\workspace\minisumo\MinisumoSTM-master\minisumo\SW4STM32\minisumo\Debug
arm-none-eabi-gcc -mcpu=cortex-m3 -mthumb -mfloat-abi=soft '-D__weak=__attribute__((weak))' '-D__packed="__attribute__((__packed__))"' -DUSE_HAL_DRIVER -DSTM32F100xB -I"D:/workspace/minisumo/MinisumoSTM-master/minisumo/Inc" -I"D:/workspace/minisumo/MinisumoSTM-master/minisumo/Drivers/STM32F1xx_HAL_Driver/Inc" -I"D:/workspace/minisumo/MinisumoSTM-master/minisumo/Drivers/STM32F1xx_HAL_Driver/Inc/Legacy" -I"D:/workspace/minisumo/MinisumoSTM-master/minisumo/Drivers/CMSIS/Device/ST/STM32F1xx/Include" -I"D:/workspace/minisumo/MinisumoSTM-master/minisumo/Drivers/CMSIS/Include" -I"D:/workspace/minisumo/MinisumoSTM-master/minisumo/Inc"  -Og -g3 -Wall -fmessage-length=0 -ffunction-sections -c -fmessage-length=0 -MMD -MP -MF"Drivers/STM32F1xx_HAL_Driver/stm32f1xx_hal_pwr.d" -MT"Drivers/STM32F1xx_HAL_Driver/stm32f1xx_hal_pwr.o" -o "Drivers/STM32F1xx_HAL_Driver/stm32f1xx_hal_pwr.o" "D:/workspace/minisumo/MinisumoSTM-master/minisumo/Drivers/STM32F1xx_HAL_Driver/Src/stm32f1xx_hal_pwr.c"
Finished building: D:/workspace/minisumo/MinisumoSTM-master/minisumo/Drivers/STM32F1xx_HAL_Driver/Src/stm32f1xx_hal_pwr.c
 
Building file: D:/workspace/minisumo/MinisumoSTM-master/minisumo/Drivers/STM32F1xx_HAL_Driver/Src/stm32f1xx_hal_rcc.c
Invoking: MCU GCC Compiler
D:\workspace\minisumo\MinisumoSTM-master\minisumo\SW4STM32\minisumo\Debug
arm-none-eabi-gcc -mcpu=cortex-m3 -mthumb -mfloat-abi=soft '-D__weak=__attribute__((weak))' '-D__packed="__attribute__((__packed__))"' -DUSE_HAL_DRIVER -DSTM32F100xB -I"D:/workspace/minisumo/MinisumoSTM-master/minisumo/Inc" -I"D:/workspace/minisumo/MinisumoSTM-master/minisumo/Drivers/STM32F1xx_HAL_Driver/Inc" -I"D:/workspace/minisumo/MinisumoSTM-master/minisumo/Drivers/STM32F1xx_HAL_Driver/Inc/Legacy" -I"D:/workspace/minisumo/MinisumoSTM-master/minisumo/Drivers/CMSIS/Device/ST/STM32F1xx/Include" -I"D:/workspace/minisumo/MinisumoSTM-master/minisumo/Drivers/CMSIS/Include" -I"D:/workspace/minisumo/MinisumoSTM-master/minisumo/Inc"  -Og -g3 -Wall -fmessage-length=0 -ffunction-sections -c -fmessage-length=0 -MMD -MP -MF"Drivers/STM32F1xx_HAL_Driver/stm32f1xx_hal_rcc.d" -MT"Drivers/STM32F1xx_HAL_Driver/stm32f1xx_hal_rcc.o" -o "Drivers/STM32F1xx_HAL_Driver/stm32f1xx_hal_rcc.o" "D:/workspace/minisumo/MinisumoSTM-master/minisumo/Drivers/STM32F1xx_HAL_Driver/Src/stm32f1xx_hal_rcc.c"
Finished building: D:/workspace/minisumo/MinisumoSTM-master/minisumo/Drivers/STM32F1xx_HAL_Driver/Src/stm32f1xx_hal_rcc.c
 
Building file: D:/workspace/minisumo/MinisumoSTM-master/minisumo/Drivers/STM32F1xx_HAL_Driver/Src/stm32f1xx_hal_rcc_ex.c
Invoking: MCU GCC Compiler
D:\workspace\minisumo\MinisumoSTM-master\minisumo\SW4STM32\minisumo\Debug
arm-none-eabi-gcc -mcpu=cortex-m3 -mthumb -mfloat-abi=soft '-D__weak=__attribute__((weak))' '-D__packed="__attribute__((__packed__))"' -DUSE_HAL_DRIVER -DSTM32F100xB -I"D:/workspace/minisumo/MinisumoSTM-master/minisumo/Inc" -I"D:/workspace/minisumo/MinisumoSTM-master/minisumo/Drivers/STM32F1xx_HAL_Driver/Inc" -I"D:/workspace/minisumo/MinisumoSTM-master/minisumo/Drivers/STM32F1xx_HAL_Driver/Inc/Legacy" -I"D:/workspace/minisumo/MinisumoSTM-master/minisumo/Drivers/CMSIS/Device/ST/STM32F1xx/Include" -I"D:/workspace/minisumo/MinisumoSTM-master/minisumo/Drivers/CMSIS/Include" -I"D:/workspace/minisumo/MinisumoSTM-master/minisumo/Inc"  -Og -g3 -Wall -fmessage-length=0 -ffunction-sections -c -fmessage-length=0 -MMD -MP -MF"Drivers/STM32F1xx_HAL_Driver/stm32f1xx_hal_rcc_ex.d" -MT"Drivers/STM32F1xx_HAL_Driver/stm32f1xx_hal_rcc_ex.o" -o "Drivers/STM32F1xx_HAL_Driver/stm32f1xx_hal_rcc_ex.o" "D:/workspace/minisumo/MinisumoSTM-master/minisumo/Drivers/STM32F1xx_HAL_Driver/Src/stm32f1xx_hal_rcc_ex.c"
Finished building: D:/workspace/minisumo/MinisumoSTM-master/minisumo/Drivers/STM32F1xx_HAL_Driver/Src/stm32f1xx_hal_rcc_ex.c
 
Building file: D:/workspace/minisumo/MinisumoSTM-master/minisumo/Drivers/STM32F1xx_HAL_Driver/Src/stm32f1xx_hal_tim.c
Invoking: MCU GCC Compiler
D:\workspace\minisumo\MinisumoSTM-master\minisumo\SW4STM32\minisumo\Debug
arm-none-eabi-gcc -mcpu=cortex-m3 -mthumb -mfloat-abi=soft '-D__weak=__attribute__((weak))' '-D__packed="__attribute__((__packed__))"' -DUSE_HAL_DRIVER -DSTM32F100xB -I"D:/workspace/minisumo/MinisumoSTM-master/minisumo/Inc" -I"D:/workspace/minisumo/MinisumoSTM-master/minisumo/Drivers/STM32F1xx_HAL_Driver/Inc" -I"D:/workspace/minisumo/MinisumoSTM-master/minisumo/Drivers/STM32F1xx_HAL_Driver/Inc/Legacy" -I"D:/workspace/minisumo/MinisumoSTM-master/minisumo/Drivers/CMSIS/Device/ST/STM32F1xx/Include" -I"D:/workspace/minisumo/MinisumoSTM-master/minisumo/Drivers/CMSIS/Include" -I"D:/workspace/minisumo/MinisumoSTM-master/minisumo/Inc"  -Og -g3 -Wall -fmessage-length=0 -ffunction-sections -c -fmessage-length=0 -MMD -MP -MF"Drivers/STM32F1xx_HAL_Driver/stm32f1xx_hal_tim.d" -MT"Drivers/STM32F1xx_HAL_Driver/stm32f1xx_hal_tim.o" -o "Drivers/STM32F1xx_HAL_Driver/stm32f1xx_hal_tim.o" "D:/workspace/minisumo/MinisumoSTM-master/minisumo/Drivers/STM32F1xx_HAL_Driver/Src/stm32f1xx_hal_tim.c"
Finished building: D:/workspace/minisumo/MinisumoSTM-master/minisumo/Drivers/STM32F1xx_HAL_Driver/Src/stm32f1xx_hal_tim.c
 
Building file: D:/workspace/minisumo/MinisumoSTM-master/minisumo/Drivers/STM32F1xx_HAL_Driver/Src/stm32f1xx_hal_tim_ex.c
Invoking: MCU GCC Compiler
D:\workspace\minisumo\MinisumoSTM-master\minisumo\SW4STM32\minisumo\Debug
arm-none-eabi-gcc -mcpu=cortex-m3 -mthumb -mfloat-abi=soft '-D__weak=__attribute__((weak))' '-D__packed="__attribute__((__packed__))"' -DUSE_HAL_DRIVER -DSTM32F100xB -I"D:/workspace/minisumo/MinisumoSTM-master/minisumo/Inc" -I"D:/workspace/minisumo/MinisumoSTM-master/minisumo/Drivers/STM32F1xx_HAL_Driver/Inc" -I"D:/workspace/minisumo/MinisumoSTM-master/minisumo/Drivers/STM32F1xx_HAL_Driver/Inc/Legacy" -I"D:/workspace/minisumo/MinisumoSTM-master/minisumo/Drivers/CMSIS/Device/ST/STM32F1xx/Include" -I"D:/workspace/minisumo/MinisumoSTM-master/minisumo/Drivers/CMSIS/Include" -I"D:/workspace/minisumo/MinisumoSTM-master/minisumo/Inc"  -Og -g3 -Wall -fmessage-length=0 -ffunction-sections -c -fmessage-length=0 -MMD -MP -MF"Drivers/STM32F1xx_HAL_Driver/stm32f1xx_hal_tim_ex.d" -MT"Drivers/STM32F1xx_HAL_Driver/stm32f1xx_hal_tim_ex.o" -o "Drivers/STM32F1xx_HAL_Driver/stm32f1xx_hal_tim_ex.o" "D:/workspace/minisumo/MinisumoSTM-master/minisumo/Drivers/STM32F1xx_HAL_Driver/Src/stm32f1xx_hal_tim_ex.c"
Finished building: D:/workspace/minisumo/MinisumoSTM-master/minisumo/Drivers/STM32F1xx_HAL_Driver/Src/stm32f1xx_hal_tim_ex.c
 
Building file: D:/workspace/minisumo/MinisumoSTM-master/minisumo/Drivers/STM32F1xx_HAL_Driver/Src/stm32f1xx_hal_uart.c
Invoking: MCU GCC Compiler
D:\workspace\minisumo\MinisumoSTM-master\minisumo\SW4STM32\minisumo\Debug
arm-none-eabi-gcc -mcpu=cortex-m3 -mthumb -mfloat-abi=soft '-D__weak=__attribute__((weak))' '-D__packed="__attribute__((__packed__))"' -DUSE_HAL_DRIVER -DSTM32F100xB -I"D:/workspace/minisumo/MinisumoSTM-master/minisumo/Inc" -I"D:/workspace/minisumo/MinisumoSTM-master/minisumo/Drivers/STM32F1xx_HAL_Driver/Inc" -I"D:/workspace/minisumo/MinisumoSTM-master/minisumo/Drivers/STM32F1xx_HAL_Driver/Inc/Legacy" -I"D:/workspace/minisumo/MinisumoSTM-master/minisumo/Drivers/CMSIS/Device/ST/STM32F1xx/Include" -I"D:/workspace/minisumo/MinisumoSTM-master/minisumo/Drivers/CMSIS/Include" -I"D:/workspace/minisumo/MinisumoSTM-master/minisumo/Inc"  -Og -g3 -Wall -fmessage-length=0 -ffunction-sections -c -fmessage-length=0 -MMD -MP -MF"Drivers/STM32F1xx_HAL_Driver/stm32f1xx_hal_uart.d" -MT"Drivers/STM32F1xx_HAL_Driver/stm32f1xx_hal_uart.o" -o "Drivers/STM32F1xx_HAL_Driver/stm32f1xx_hal_uart.o" "D:/workspace/minisumo/MinisumoSTM-master/minisumo/Drivers/STM32F1xx_HAL_Driver/Src/stm32f1xx_hal_uart.c"
Finished building: D:/workspace/minisumo/MinisumoSTM-master/minisumo/Drivers/STM32F1xx_HAL_Driver/Src/stm32f1xx_hal_uart.c
 
Building file: D:/workspace/minisumo/MinisumoSTM-master/minisumo/Src/system_stm32f1xx.c
Invoking: MCU GCC Compiler
D:\workspace\minisumo\MinisumoSTM-master\minisumo\SW4STM32\minisumo\Debug
arm-none-eabi-gcc -mcpu=cortex-m3 -mthumb -mfloat-abi=soft '-D__weak=__attribute__((weak))' '-D__packed="__attribute__((__packed__))"' -DUSE_HAL_DRIVER -DSTM32F100xB -I"D:/workspace/minisumo/MinisumoSTM-master/minisumo/Inc" -I"D:/workspace/minisumo/MinisumoSTM-master/minisumo/Drivers/STM32F1xx_HAL_Driver/Inc" -I"D:/workspace/minisumo/MinisumoSTM-master/minisumo/Drivers/STM32F1xx_HAL_Driver/Inc/Legacy" -I"D:/workspace/minisumo/MinisumoSTM-master/minisumo/Drivers/CMSIS/Device/ST/STM32F1xx/Include" -I"D:/workspace/minisumo/MinisumoSTM-master/minisumo/Drivers/CMSIS/Include" -I"D:/workspace/minisumo/MinisumoSTM-master/minisumo/Inc"  -Og -g3 -Wall -fmessage-length=0 -ffunction-sections -c -fmessage-length=0 -MMD -MP -MF"Drivers/CMSIS/system_stm32f1xx.d" -MT"Drivers/CMSIS/system_stm32f1xx.o" -o "Drivers/CMSIS/system_stm32f1xx.o" "D:/workspace/minisumo/MinisumoSTM-master/minisumo/Src/system_stm32f1xx.c"
Finished building: D:/workspace/minisumo/MinisumoSTM-master/minisumo/Src/system_stm32f1xx.c
 
Building file: D:/workspace/minisumo/MinisumoSTM-master/minisumo/Src/main.c
Invoking: MCU GCC Compiler
D:\workspace\minisumo\MinisumoSTM-master\minisumo\SW4STM32\minisumo\Debug
arm-none-eabi-gcc -mcpu=cortex-m3 -mthumb -mfloat-abi=soft '-D__weak=__attribute__((weak))' '-D__packed="__attribute__((__packed__))"' -DUSE_HAL_DRIVER -DSTM32F100xB -I"D:/workspace/minisumo/MinisumoSTM-master/minisumo/Inc" -I"D:/workspace/minisumo/MinisumoSTM-master/minisumo/Drivers/STM32F1xx_HAL_Driver/Inc" -I"D:/workspace/minisumo/MinisumoSTM-master/minisumo/Drivers/STM32F1xx_HAL_Driver/Inc/Legacy" -I"D:/workspace/minisumo/MinisumoSTM-master/minisumo/Drivers/CMSIS/Device/ST/STM32F1xx/Include" -I"D:/workspace/minisumo/MinisumoSTM-master/minisumo/Drivers/CMSIS/Include" -I"D:/workspace/minisumo/MinisumoSTM-master/minisumo/Inc"  -Og -g3 -Wall -fmessage-length=0 -ffunction-sections -c -fmessage-length=0 -MMD -MP -MF"Application/User/main.d" -MT"Application/User/main.o" -o "Application/User/main.o" "D:/workspace/minisumo/MinisumoSTM-master/minisumo/Src/main.c"
Finished building: D:/workspace/minisumo/MinisumoSTM-master/minisumo/Src/main.c
 
Building file: D:/workspace/minisumo/MinisumoSTM-master/minisumo/Src/stm32f1xx_hal_msp.c
Invoking: MCU GCC Compiler
D:\workspace\minisumo\MinisumoSTM-master\minisumo\SW4STM32\minisumo\Debug
arm-none-eabi-gcc -mcpu=cortex-m3 -mthumb -mfloat-abi=soft '-D__weak=__attribute__((weak))' '-D__packed="__attribute__((__packed__))"' -DUSE_HAL_DRIVER -DSTM32F100xB -I"D:/workspace/minisumo/MinisumoSTM-master/minisumo/Inc" -I"D:/workspace/minisumo/MinisumoSTM-master/minisumo/Drivers/STM32F1xx_HAL_Driver/Inc" -I"D:/workspace/minisumo/MinisumoSTM-master/minisumo/Drivers/STM32F1xx_HAL_Driver/Inc/Legacy" -I"D:/workspace/minisumo/MinisumoSTM-master/minisumo/Drivers/CMSIS/Device/ST/STM32F1xx/Include" -I"D:/workspace/minisumo/MinisumoSTM-master/minisumo/Drivers/CMSIS/Include" -I"D:/workspace/minisumo/MinisumoSTM-master/minisumo/Inc"  -Og -g3 -Wall -fmessage-length=0 -ffunction-sections -c -fmessage-length=0 -MMD -MP -MF"Application/User/stm32f1xx_hal_msp.d" -MT"Application/User/stm32f1xx_hal_msp.o" -o "Application/User/stm32f1xx_hal_msp.o" "D:/workspace/minisumo/MinisumoSTM-master/minisumo/Src/stm32f1xx_hal_msp.c"
Finished building: D:/workspace/minisumo/MinisumoSTM-master/minisumo/Src/stm32f1xx_hal_msp.c
 
Building file: D:/workspace/minisumo/MinisumoSTM-master/minisumo/Src/stm32f1xx_it.c
Invoking: MCU GCC Compiler
D:\workspace\minisumo\MinisumoSTM-master\minisumo\SW4STM32\minisumo\Debug
arm-none-eabi-gcc -mcpu=cortex-m3 -mthumb -mfloat-abi=soft '-D__weak=__attribute__((weak))' '-D__packed="__attribute__((__packed__))"' -DUSE_HAL_DRIVER -DSTM32F100xB -I"D:/workspace/minisumo/MinisumoSTM-master/minisumo/Inc" -I"D:/workspace/minisumo/MinisumoSTM-master/minisumo/Drivers/STM32F1xx_HAL_Driver/Inc" -I"D:/workspace/minisumo/MinisumoSTM-master/minisumo/Drivers/STM32F1xx_HAL_Driver/Inc/Legacy" -I"D:/workspace/minisumo/MinisumoSTM-master/minisumo/Drivers/CMSIS/Device/ST/STM32F1xx/Include" -I"D:/workspace/minisumo/MinisumoSTM-master/minisumo/Drivers/CMSIS/Include" -I"D:/workspace/minisumo/MinisumoSTM-master/minisumo/Inc"  -Og -g3 -Wall -fmessage-length=0 -ffunction-sections -c -fmessage-length=0 -MMD -MP -MF"Application/User/stm32f1xx_it.d" -MT"Application/User/stm32f1xx_it.o" -o "Application/User/stm32f1xx_it.o" "D:/workspace/minisumo/MinisumoSTM-master/minisumo/Src/stm32f1xx_it.c"
Finished building: D:/workspace/minisumo/MinisumoSTM-master/minisumo/Src/stm32f1xx_it.c
 
Building file: D:/workspace/minisumo/MinisumoSTM-master/minisumo/SW4STM32/startup_stm32f100xb.s
Invoking: MCU GCC Assembler
D:\workspace\minisumo\MinisumoSTM-master\minisumo\SW4STM32\minisumo\Debug
arm-none-eabi-as -mcpu=cortex-m3 -mthumb -mfloat-abi=soft -g -o "Application/SW4STM32/startup_stm32f100xb.o" "D:/workspace/minisumo/MinisumoSTM-master/minisumo/SW4STM32/startup_stm32f100xb.s"
Finished building: D:/workspace/minisumo/MinisumoSTM-master/minisumo/SW4STM32/startup_stm32f100xb.s
 
Building target: minisumo.elf
Invoking: MCU GCC Linker
arm-none-eabi-gcc -mcpu=cortex-m3 -mthumb -mfloat-abi=soft -specs=nosys.specs -specs=nano.specs -T"../STM32F100C8Tx_FLASH.ld" -Wl,-Map=output.map -Wl,--gc-sections -o "minisumo.elf" @"objects.list"   -lm
Finished building target: minisumo.elf
 
make --no-print-directory post-build
Generating binary and Printing size information:
arm-none-eabi-objcopy -O binary "minisumo.elf" "minisumo.bin"
arm-none-eabi-size "minisumo.elf"
   text	   data	    bss	    dec	    hex	filename
   8260	     16	   1752	  10028	   272c	minisumo.elf
 
21:34:43 **** Incremental Build of configuration Debug for project minisumo ****
make all 
Building file: D:/workspace/minisumo/MinisumoSTM-master/minisumo/Drivers/STM32F1xx_HAL_Driver/Src/stm32f1xx_hal.c
Invoking: MCU GCC Compiler
D:\workspace\minisumo\MinisumoSTM-master\minisumo\SW4STM32\minisumo\Debug
arm-none-eabi-gcc -mcpu=cortex-m3 -mthumb -mfloat-abi=soft '-D__weak=__attribute__((weak))' '-D__packed="__attribute__((__packed__))"' -DUSE_HAL_DRIVER -DSTM32F100xB -I"D:/workspace/minisumo/MinisumoSTM-master/minisumo/Inc" -I"D:/workspace/minisumo/MinisumoSTM-master/minisumo/Drivers/STM32F1xx_HAL_Driver/Inc" -I"D:/workspace/minisumo/MinisumoSTM-master/minisumo/Drivers/STM32F1xx_HAL_Driver/Inc/Legacy" -I"D:/workspace/minisumo/MinisumoSTM-master/minisumo/Drivers/CMSIS/Device/ST/STM32F1xx/Include" -I"D:/workspace/minisumo/MinisumoSTM-master/minisumo/Drivers/CMSIS/Include" -I"D:/workspace/minisumo/MinisumoSTM-master/minisumo/Inc"  -Og -g3 -Wall -fmessage-length=0 -ffunction-sections -c -fmessage-length=0 -MMD -MP -MF"Drivers/STM32F1xx_HAL_Driver/stm32f1xx_hal.d" -MT"Drivers/STM32F1xx_HAL_Driver/stm32f1xx_hal.o" -o "Drivers/STM32F1xx_HAL_Driver/stm32f1xx_hal.o" "D:/workspace/minisumo/MinisumoSTM-master/minisumo/Drivers/STM32F1xx_HAL_Driver/Src/stm32f1xx_hal.c"
Finished building: D:/workspace/minisumo/MinisumoSTM-master/minisumo/Drivers/STM32F1xx_HAL_Driver/Src/stm32f1xx_hal.c
 
Building file: D:/workspace/minisumo/MinisumoSTM-master/minisumo/Drivers/STM32F1xx_HAL_Driver/Src/stm32f1xx_hal_adc.c
Invoking: MCU GCC Compiler
D:\workspace\minisumo\MinisumoSTM-master\minisumo\SW4STM32\minisumo\Debug
arm-none-eabi-gcc -mcpu=cortex-m3 -mthumb -mfloat-abi=soft '-D__weak=__attribute__((weak))' '-D__packed="__attribute__((__packed__))"' -DUSE_HAL_DRIVER -DSTM32F100xB -I"D:/workspace/minisumo/MinisumoSTM-master/minisumo/Inc" -I"D:/workspace/minisumo/MinisumoSTM-master/minisumo/Drivers/STM32F1xx_HAL_Driver/Inc" -I"D:/workspace/minisumo/MinisumoSTM-master/minisumo/Drivers/STM32F1xx_HAL_Driver/Inc/Legacy" -I"D:/workspace/minisumo/MinisumoSTM-master/minisumo/Drivers/CMSIS/Device/ST/STM32F1xx/Include" -I"D:/workspace/minisumo/MinisumoSTM-master/minisumo/Drivers/CMSIS/Include" -I"D:/workspace/minisumo/MinisumoSTM-master/minisumo/Inc"  -Og -g3 -Wall -fmessage-length=0 -ffunction-sections -c -fmessage-length=0 -MMD -MP -MF"Drivers/STM32F1xx_HAL_Driver/stm32f1xx_hal_adc.d" -MT"Drivers/STM32F1xx_HAL_Driver/stm32f1xx_hal_adc.o" -o "Drivers/STM32F1xx_HAL_Driver/stm32f1xx_hal_adc.o" "D:/workspace/minisumo/MinisumoSTM-master/minisumo/Drivers/STM32F1xx_HAL_Driver/Src/stm32f1xx_hal_adc.c"
Finished building: D:/workspace/minisumo/MinisumoSTM-master/minisumo/Drivers/STM32F1xx_HAL_Driver/Src/stm32f1xx_hal_adc.c
 
Building file: D:/workspace/minisumo/MinisumoSTM-master/minisumo/Drivers/STM32F1xx_HAL_Driver/Src/stm32f1xx_hal_adc_ex.c
Invoking: MCU GCC Compiler
D:\workspace\minisumo\MinisumoSTM-master\minisumo\SW4STM32\minisumo\Debug
arm-none-eabi-gcc -mcpu=cortex-m3 -mthumb -mfloat-abi=soft '-D__weak=__attribute__((weak))' '-D__packed="__attribute__((__packed__))"' -DUSE_HAL_DRIVER -DSTM32F100xB -I"D:/workspace/minisumo/MinisumoSTM-master/minisumo/Inc" -I"D:/workspace/minisumo/MinisumoSTM-master/minisumo/Drivers/STM32F1xx_HAL_Driver/Inc" -I"D:/workspace/minisumo/MinisumoSTM-master/minisumo/Drivers/STM32F1xx_HAL_Driver/Inc/Legacy" -I"D:/workspace/minisumo/MinisumoSTM-master/minisumo/Drivers/CMSIS/Device/ST/STM32F1xx/Include" -I"D:/workspace/minisumo/MinisumoSTM-master/minisumo/Drivers/CMSIS/Include" -I"D:/workspace/minisumo/MinisumoSTM-master/minisumo/Inc"  -Og -g3 -Wall -fmessage-length=0 -ffunction-sections -c -fmessage-length=0 -MMD -MP -MF"Drivers/STM32F1xx_HAL_Driver/stm32f1xx_hal_adc_ex.d" -MT"Drivers/STM32F1xx_HAL_Driver/stm32f1xx_hal_adc_ex.o" -o "Drivers/STM32F1xx_HAL_Driver/stm32f1xx_hal_adc_ex.o" "D:/workspace/minisumo/MinisumoSTM-master/minisumo/Drivers/STM32F1xx_HAL_Driver/Src/stm32f1xx_hal_adc_ex.c"
Finished building: D:/workspace/minisumo/MinisumoSTM-master/minisumo/Drivers/STM32F1xx_HAL_Driver/Src/stm32f1xx_hal_adc_ex.c
 
Building file: D:/workspace/minisumo/MinisumoSTM-master/minisumo/Drivers/STM32F1xx_HAL_Driver/Src/stm32f1xx_hal_cortex.c
Invoking: MCU GCC Compiler
D:\workspace\minisumo\MinisumoSTM-master\minisumo\SW4STM32\minisumo\Debug
arm-none-eabi-gcc -mcpu=cortex-m3 -mthumb -mfloat-abi=soft '-D__weak=__attribute__((weak))' '-D__packed="__attribute__((__packed__))"' -DUSE_HAL_DRIVER -DSTM32F100xB -I"D:/workspace/minisumo/MinisumoSTM-master/minisumo/Inc" -I"D:/workspace/minisumo/MinisumoSTM-master/minisumo/Drivers/STM32F1xx_HAL_Driver/Inc" -I"D:/workspace/minisumo/MinisumoSTM-master/minisumo/Drivers/STM32F1xx_HAL_Driver/Inc/Legacy" -I"D:/workspace/minisumo/MinisumoSTM-master/minisumo/Drivers/CMSIS/Device/ST/STM32F1xx/Include" -I"D:/workspace/minisumo/MinisumoSTM-master/minisumo/Drivers/CMSIS/Include" -I"D:/workspace/minisumo/MinisumoSTM-master/minisumo/Inc"  -Og -g3 -Wall -fmessage-length=0 -ffunction-sections -c -fmessage-length=0 -MMD -MP -MF"Drivers/STM32F1xx_HAL_Driver/stm32f1xx_hal_cortex.d" -MT"Drivers/STM32F1xx_HAL_Driver/stm32f1xx_hal_cortex.o" -o "Drivers/STM32F1xx_HAL_Driver/stm32f1xx_hal_cortex.o" "D:/workspace/minisumo/MinisumoSTM-master/minisumo/Drivers/STM32F1xx_HAL_Driver/Src/stm32f1xx_hal_cortex.c"
Finished building: D:/workspace/minisumo/MinisumoSTM-master/minisumo/Drivers/STM32F1xx_HAL_Driver/Src/stm32f1xx_hal_cortex.c
 
Building file: D:/workspace/minisumo/MinisumoSTM-master/minisumo/Drivers/STM32F1xx_HAL_Driver/Src/stm32f1xx_hal_dma.c
Invoking: MCU GCC Compiler
D:\workspace\minisumo\MinisumoSTM-master\minisumo\SW4STM32\minisumo\Debug
arm-none-eabi-gcc -mcpu=cortex-m3 -mthumb -mfloat-abi=soft '-D__weak=__attribute__((weak))' '-D__packed="__attribute__((__packed__))"' -DUSE_HAL_DRIVER -DSTM32F100xB -I"D:/workspace/minisumo/MinisumoSTM-master/minisumo/Inc" -I"D:/workspace/minisumo/MinisumoSTM-master/minisumo/Drivers/STM32F1xx_HAL_Driver/Inc" -I"D:/workspace/minisumo/MinisumoSTM-master/minisumo/Drivers/STM32F1xx_HAL_Driver/Inc/Legacy" -I"D:/workspace/minisumo/MinisumoSTM-master/minisumo/Drivers/CMSIS/Device/ST/STM32F1xx/Include" -I"D:/workspace/minisumo/MinisumoSTM-master/minisumo/Drivers/CMSIS/Include" -I"D:/workspace/minisumo/MinisumoSTM-master/minisumo/Inc"  -Og -g3 -Wall -fmessage-length=0 -ffunction-sections -c -fmessage-length=0 -MMD -MP -MF"Drivers/STM32F1xx_HAL_Driver/stm32f1xx_hal_dma.d" -MT"Drivers/STM32F1xx_HAL_Driver/stm32f1xx_hal_dma.o" -o "Drivers/STM32F1xx_HAL_Driver/stm32f1xx_hal_dma.o" "D:/workspace/minisumo/MinisumoSTM-master/minisumo/Drivers/STM32F1xx_HAL_Driver/Src/stm32f1xx_hal_dma.c"
Finished building: D:/workspace/minisumo/MinisumoSTM-master/minisumo/Drivers/STM32F1xx_HAL_Driver/Src/stm32f1xx_hal_dma.c
 
Building file: D:/workspace/minisumo/MinisumoSTM-master/minisumo/Drivers/STM32F1xx_HAL_Driver/Src/stm32f1xx_hal_flash.c
Invoking: MCU GCC Compiler
D:\workspace\minisumo\MinisumoSTM-master\minisumo\SW4STM32\minisumo\Debug
arm-none-eabi-gcc -mcpu=cortex-m3 -mthumb -mfloat-abi=soft '-D__weak=__attribute__((weak))' '-D__packed="__attribute__((__packed__))"' -DUSE_HAL_DRIVER -DSTM32F100xB -I"D:/workspace/minisumo/MinisumoSTM-master/minisumo/Inc" -I"D:/workspace/minisumo/MinisumoSTM-master/minisumo/Drivers/STM32F1xx_HAL_Driver/Inc" -I"D:/workspace/minisumo/MinisumoSTM-master/minisumo/Drivers/STM32F1xx_HAL_Driver/Inc/Legacy" -I"D:/workspace/minisumo/MinisumoSTM-master/minisumo/Drivers/CMSIS/Device/ST/STM32F1xx/Include" -I"D:/workspace/minisumo/MinisumoSTM-master/minisumo/Drivers/CMSIS/Include" -I"D:/workspace/minisumo/MinisumoSTM-master/minisumo/Inc"  -Og -g3 -Wall -fmessage-length=0 -ffunction-sections -c -fmessage-length=0 -MMD -MP -MF"Drivers/STM32F1xx_HAL_Driver/stm32f1xx_hal_flash.d" -MT"Drivers/STM32F1xx_HAL_Driver/stm32f1xx_hal_flash.o" -o "Drivers/STM32F1xx_HAL_Driver/stm32f1xx_hal_flash.o" "D:/workspace/minisumo/MinisumoSTM-master/minisumo/Drivers/STM32F1xx_HAL_Driver/Src/stm32f1xx_hal_flash.c"
Finished building: D:/workspace/minisumo/MinisumoSTM-master/minisumo/Drivers/STM32F1xx_HAL_Driver/Src/stm32f1xx_hal_flash.c
 
Building file: D:/workspace/minisumo/MinisumoSTM-master/minisumo/Drivers/STM32F1xx_HAL_Driver/Src/stm32f1xx_hal_flash_ex.c
Invoking: MCU GCC Compiler
D:\workspace\minisumo\MinisumoSTM-master\minisumo\SW4STM32\minisumo\Debug
arm-none-eabi-gcc -mcpu=cortex-m3 -mthumb -mfloat-abi=soft '-D__weak=__attribute__((weak))' '-D__packed="__attribute__((__packed__))"' -DUSE_HAL_DRIVER -DSTM32F100xB -I"D:/workspace/minisumo/MinisumoSTM-master/minisumo/Inc" -I"D:/workspace/minisumo/MinisumoSTM-master/minisumo/Drivers/STM32F1xx_HAL_Driver/Inc" -I"D:/workspace/minisumo/MinisumoSTM-master/minisumo/Drivers/STM32F1xx_HAL_Driver/Inc/Legacy" -I"D:/workspace/minisumo/MinisumoSTM-master/minisumo/Drivers/CMSIS/Device/ST/STM32F1xx/Include" -I"D:/workspace/minisumo/MinisumoSTM-master/minisumo/Drivers/CMSIS/Include" -I"D:/workspace/minisumo/MinisumoSTM-master/minisumo/Inc"  -Og -g3 -Wall -fmessage-length=0 -ffunction-sections -c -fmessage-length=0 -MMD -MP -MF"Drivers/STM32F1xx_HAL_Driver/stm32f1xx_hal_flash_ex.d" -MT"Drivers/STM32F1xx_HAL_Driver/stm32f1xx_hal_flash_ex.o" -o "Drivers/STM32F1xx_HAL_Driver/stm32f1xx_hal_flash_ex.o" "D:/workspace/minisumo/MinisumoSTM-master/minisumo/Drivers/STM32F1xx_HAL_Driver/Src/stm32f1xx_hal_flash_ex.c"
Finished building: D:/workspace/minisumo/MinisumoSTM-master/minisumo/Drivers/STM32F1xx_HAL_Driver/Src/stm32f1xx_hal_flash_ex.c
 
Building file: D:/workspace/minisumo/MinisumoSTM-master/minisumo/Drivers/STM32F1xx_HAL_Driver/Src/stm32f1xx_hal_gpio.c
Invoking: MCU GCC Compiler
D:\workspace\minisumo\MinisumoSTM-master\minisumo\SW4STM32\minisumo\Debug
arm-none-eabi-gcc -mcpu=cortex-m3 -mthumb -mfloat-abi=soft '-D__weak=__attribute__((weak))' '-D__packed="__attribute__((__packed__))"' -DUSE_HAL_DRIVER -DSTM32F100xB -I"D:/workspace/minisumo/MinisumoSTM-master/minisumo/Inc" -I"D:/workspace/minisumo/MinisumoSTM-master/minisumo/Drivers/STM32F1xx_HAL_Driver/Inc" -I"D:/workspace/minisumo/MinisumoSTM-master/minisumo/Drivers/STM32F1xx_HAL_Driver/Inc/Legacy" -I"D:/workspace/minisumo/MinisumoSTM-master/minisumo/Drivers/CMSIS/Device/ST/STM32F1xx/Include" -I"D:/workspace/minisumo/MinisumoSTM-master/minisumo/Drivers/CMSIS/Include" -I"D:/workspace/minisumo/MinisumoSTM-master/minisumo/Inc"  -Og -g3 -Wall -fmessage-length=0 -ffunction-sections -c -fmessage-length=0 -MMD -MP -MF"Drivers/STM32F1xx_HAL_Driver/stm32f1xx_hal_gpio.d" -MT"Drivers/STM32F1xx_HAL_Driver/stm32f1xx_hal_gpio.o" -o "Drivers/STM32F1xx_HAL_Driver/stm32f1xx_hal_gpio.o" "D:/workspace/minisumo/MinisumoSTM-master/minisumo/Drivers/STM32F1xx_HAL_Driver/Src/stm32f1xx_hal_gpio.c"
Finished building: D:/workspace/minisumo/MinisumoSTM-master/minisumo/Drivers/STM32F1xx_HAL_Driver/Src/stm32f1xx_hal_gpio.c
 
Building file: D:/workspace/minisumo/MinisumoSTM-master/minisumo/Drivers/STM32F1xx_HAL_Driver/Src/stm32f1xx_hal_gpio_ex.c
Invoking: MCU GCC Compiler
D:\workspace\minisumo\MinisumoSTM-master\minisumo\SW4STM32\minisumo\Debug
arm-none-eabi-gcc -mcpu=cortex-m3 -mthumb -mfloat-abi=soft '-D__weak=__attribute__((weak))' '-D__packed="__attribute__((__packed__))"' -DUSE_HAL_DRIVER -DSTM32F100xB -I"D:/workspace/minisumo/MinisumoSTM-master/minisumo/Inc" -I"D:/workspace/minisumo/MinisumoSTM-master/minisumo/Drivers/STM32F1xx_HAL_Driver/Inc" -I"D:/workspace/minisumo/MinisumoSTM-master/minisumo/Drivers/STM32F1xx_HAL_Driver/Inc/Legacy" -I"D:/workspace/minisumo/MinisumoSTM-master/minisumo/Drivers/CMSIS/Device/ST/STM32F1xx/Include" -I"D:/workspace/minisumo/MinisumoSTM-master/minisumo/Drivers/CMSIS/Include" -I"D:/workspace/minisumo/MinisumoSTM-master/minisumo/Inc"  -Og -g3 -Wall -fmessage-length=0 -ffunction-sections -c -fmessage-length=0 -MMD -MP -MF"Drivers/STM32F1xx_HAL_Driver/stm32f1xx_hal_gpio_ex.d" -MT"Drivers/STM32F1xx_HAL_Driver/stm32f1xx_hal_gpio_ex.o" -o "Drivers/STM32F1xx_HAL_Driver/stm32f1xx_hal_gpio_ex.o" "D:/workspace/minisumo/MinisumoSTM-master/minisumo/Drivers/STM32F1xx_HAL_Driver/Src/stm32f1xx_hal_gpio_ex.c"
Finished building: D:/workspace/minisumo/MinisumoSTM-master/minisumo/Drivers/STM32F1xx_HAL_Driver/Src/stm32f1xx_hal_gpio_ex.c
 
Building file: D:/workspace/minisumo/MinisumoSTM-master/minisumo/Drivers/STM32F1xx_HAL_Driver/Src/stm32f1xx_hal_pwr.c
Invoking: MCU GCC Compiler
D:\workspace\minisumo\MinisumoSTM-master\minisumo\SW4STM32\minisumo\Debug
arm-none-eabi-gcc -mcpu=cortex-m3 -mthumb -mfloat-abi=soft '-D__weak=__attribute__((weak))' '-D__packed="__attribute__((__packed__))"' -DUSE_HAL_DRIVER -DSTM32F100xB -I"D:/workspace/minisumo/MinisumoSTM-master/minisumo/Inc" -I"D:/workspace/minisumo/MinisumoSTM-master/minisumo/Drivers/STM32F1xx_HAL_Driver/Inc" -I"D:/workspace/minisumo/MinisumoSTM-master/minisumo/Drivers/STM32F1xx_HAL_Driver/Inc/Legacy" -I"D:/workspace/minisumo/MinisumoSTM-master/minisumo/Drivers/CMSIS/Device/ST/STM32F1xx/Include" -I"D:/workspace/minisumo/MinisumoSTM-master/minisumo/Drivers/CMSIS/Include" -I"D:/workspace/minisumo/MinisumoSTM-master/minisumo/Inc"  -Og -g3 -Wall -fmessage-length=0 -ffunction-sections -c -fmessage-length=0 -MMD -MP -MF"Drivers/STM32F1xx_HAL_Driver/stm32f1xx_hal_pwr.d" -MT"Drivers/STM32F1xx_HAL_Driver/stm32f1xx_hal_pwr.o" -o "Drivers/STM32F1xx_HAL_Driver/stm32f1xx_hal_pwr.o" "D:/workspace/minisumo/MinisumoSTM-master/minisumo/Drivers/STM32F1xx_HAL_Driver/Src/stm32f1xx_hal_pwr.c"
Finished building: D:/workspace/minisumo/MinisumoSTM-master/minisumo/Drivers/STM32F1xx_HAL_Driver/Src/stm32f1xx_hal_pwr.c
 
Building file: D:/workspace/minisumo/MinisumoSTM-master/minisumo/Drivers/STM32F1xx_HAL_Driver/Src/stm32f1xx_hal_rcc.c
Invoking: MCU GCC Compiler
D:\workspace\minisumo\MinisumoSTM-master\minisumo\SW4STM32\minisumo\Debug
arm-none-eabi-gcc -mcpu=cortex-m3 -mthumb -mfloat-abi=soft '-D__weak=__attribute__((weak))' '-D__packed="__attribute__((__packed__))"' -DUSE_HAL_DRIVER -DSTM32F100xB -I"D:/workspace/minisumo/MinisumoSTM-master/minisumo/Inc" -I"D:/workspace/minisumo/MinisumoSTM-master/minisumo/Drivers/STM32F1xx_HAL_Driver/Inc" -I"D:/workspace/minisumo/MinisumoSTM-master/minisumo/Drivers/STM32F1xx_HAL_Driver/Inc/Legacy" -I"D:/workspace/minisumo/MinisumoSTM-master/minisumo/Drivers/CMSIS/Device/ST/STM32F1xx/Include" -I"D:/workspace/minisumo/MinisumoSTM-master/minisumo/Drivers/CMSIS/Include" -I"D:/workspace/minisumo/MinisumoSTM-master/minisumo/Inc"  -Og -g3 -Wall -fmessage-length=0 -ffunction-sections -c -fmessage-length=0 -MMD -MP -MF"Drivers/STM32F1xx_HAL_Driver/stm32f1xx_hal_rcc.d" -MT"Drivers/STM32F1xx_HAL_Driver/stm32f1xx_hal_rcc.o" -o "Drivers/STM32F1xx_HAL_Driver/stm32f1xx_hal_rcc.o" "D:/workspace/minisumo/MinisumoSTM-master/minisumo/Drivers/STM32F1xx_HAL_Driver/Src/stm32f1xx_hal_rcc.c"
Finished building: D:/workspace/minisumo/MinisumoSTM-master/minisumo/Drivers/STM32F1xx_HAL_Driver/Src/stm32f1xx_hal_rcc.c
 
Building file: D:/workspace/minisumo/MinisumoSTM-master/minisumo/Drivers/STM32F1xx_HAL_Driver/Src/stm32f1xx_hal_rcc_ex.c
Invoking: MCU GCC Compiler
D:\workspace\minisumo\MinisumoSTM-master\minisumo\SW4STM32\minisumo\Debug
arm-none-eabi-gcc -mcpu=cortex-m3 -mthumb -mfloat-abi=soft '-D__weak=__attribute__((weak))' '-D__packed="__attribute__((__packed__))"' -DUSE_HAL_DRIVER -DSTM32F100xB -I"D:/workspace/minisumo/MinisumoSTM-master/minisumo/Inc" -I"D:/workspace/minisumo/MinisumoSTM-master/minisumo/Drivers/STM32F1xx_HAL_Driver/Inc" -I"D:/workspace/minisumo/MinisumoSTM-master/minisumo/Drivers/STM32F1xx_HAL_Driver/Inc/Legacy" -I"D:/workspace/minisumo/MinisumoSTM-master/minisumo/Drivers/CMSIS/Device/ST/STM32F1xx/Include" -I"D:/workspace/minisumo/MinisumoSTM-master/minisumo/Drivers/CMSIS/Include" -I"D:/workspace/minisumo/MinisumoSTM-master/minisumo/Inc"  -Og -g3 -Wall -fmessage-length=0 -ffunction-sections -c -fmessage-length=0 -MMD -MP -MF"Drivers/STM32F1xx_HAL_Driver/stm32f1xx_hal_rcc_ex.d" -MT"Drivers/STM32F1xx_HAL_Driver/stm32f1xx_hal_rcc_ex.o" -o "Drivers/STM32F1xx_HAL_Driver/stm32f1xx_hal_rcc_ex.o" "D:/workspace/minisumo/MinisumoSTM-master/minisumo/Drivers/STM32F1xx_HAL_Driver/Src/stm32f1xx_hal_rcc_ex.c"
Finished building: D:/workspace/minisumo/MinisumoSTM-master/minisumo/Drivers/STM32F1xx_HAL_Driver/Src/stm32f1xx_hal_rcc_ex.c
 
Building file: D:/workspace/minisumo/MinisumoSTM-master/minisumo/Drivers/STM32F1xx_HAL_Driver/Src/stm32f1xx_hal_tim.c
Invoking: MCU GCC Compiler
D:\workspace\minisumo\MinisumoSTM-master\minisumo\SW4STM32\minisumo\Debug
arm-none-eabi-gcc -mcpu=cortex-m3 -mthumb -mfloat-abi=soft '-D__weak=__attribute__((weak))' '-D__packed="__attribute__((__packed__))"' -DUSE_HAL_DRIVER -DSTM32F100xB -I"D:/workspace/minisumo/MinisumoSTM-master/minisumo/Inc" -I"D:/workspace/minisumo/MinisumoSTM-master/minisumo/Drivers/STM32F1xx_HAL_Driver/Inc" -I"D:/workspace/minisumo/MinisumoSTM-master/minisumo/Drivers/STM32F1xx_HAL_Driver/Inc/Legacy" -I"D:/workspace/minisumo/MinisumoSTM-master/minisumo/Drivers/CMSIS/Device/ST/STM32F1xx/Include" -I"D:/workspace/minisumo/MinisumoSTM-master/minisumo/Drivers/CMSIS/Include" -I"D:/workspace/minisumo/MinisumoSTM-master/minisumo/Inc"  -Og -g3 -Wall -fmessage-length=0 -ffunction-sections -c -fmessage-length=0 -MMD -MP -MF"Drivers/STM32F1xx_HAL_Driver/stm32f1xx_hal_tim.d" -MT"Drivers/STM32F1xx_HAL_Driver/stm32f1xx_hal_tim.o" -o "Drivers/STM32F1xx_HAL_Driver/stm32f1xx_hal_tim.o" "D:/workspace/minisumo/MinisumoSTM-master/minisumo/Drivers/STM32F1xx_HAL_Driver/Src/stm32f1xx_hal_tim.c"
Finished building: D:/workspace/minisumo/MinisumoSTM-master/minisumo/Drivers/STM32F1xx_HAL_Driver/Src/stm32f1xx_hal_tim.c
 
Building file: D:/workspace/minisumo/MinisumoSTM-master/minisumo/Drivers/STM32F1xx_HAL_Driver/Src/stm32f1xx_hal_tim_ex.c
Invoking: MCU GCC Compiler
D:\workspace\minisumo\MinisumoSTM-master\minisumo\SW4STM32\minisumo\Debug
arm-none-eabi-gcc -mcpu=cortex-m3 -mthumb -mfloat-abi=soft '-D__weak=__attribute__((weak))' '-D__packed="__attribute__((__packed__))"' -DUSE_HAL_DRIVER -DSTM32F100xB -I"D:/workspace/minisumo/MinisumoSTM-master/minisumo/Inc" -I"D:/workspace/minisumo/MinisumoSTM-master/minisumo/Drivers/STM32F1xx_HAL_Driver/Inc" -I"D:/workspace/minisumo/MinisumoSTM-master/minisumo/Drivers/STM32F1xx_HAL_Driver/Inc/Legacy" -I"D:/workspace/minisumo/MinisumoSTM-master/minisumo/Drivers/CMSIS/Device/ST/STM32F1xx/Include" -I"D:/workspace/minisumo/MinisumoSTM-master/minisumo/Drivers/CMSIS/Include" -I"D:/workspace/minisumo/MinisumoSTM-master/minisumo/Inc"  -Og -g3 -Wall -fmessage-length=0 -ffunction-sections -c -fmessage-length=0 -MMD -MP -MF"Drivers/STM32F1xx_HAL_Driver/stm32f1xx_hal_tim_ex.d" -MT"Drivers/STM32F1xx_HAL_Driver/stm32f1xx_hal_tim_ex.o" -o "Drivers/STM32F1xx_HAL_Driver/stm32f1xx_hal_tim_ex.o" "D:/workspace/minisumo/MinisumoSTM-master/minisumo/Drivers/STM32F1xx_HAL_Driver/Src/stm32f1xx_hal_tim_ex.c"
Finished building: D:/workspace/minisumo/MinisumoSTM-master/minisumo/Drivers/STM32F1xx_HAL_Driver/Src/stm32f1xx_hal_tim_ex.c
 
Building file: D:/workspace/minisumo/MinisumoSTM-master/minisumo/Drivers/STM32F1xx_HAL_Driver/Src/stm32f1xx_hal_uart.c
Invoking: MCU GCC Compiler
D:\workspace\minisumo\MinisumoSTM-master\minisumo\SW4STM32\minisumo\Debug
arm-none-eabi-gcc -mcpu=cortex-m3 -mthumb -mfloat-abi=soft '-D__weak=__attribute__((weak))' '-D__packed="__attribute__((__packed__))"' -DUSE_HAL_DRIVER -DSTM32F100xB -I"D:/workspace/minisumo/MinisumoSTM-master/minisumo/Inc" -I"D:/workspace/minisumo/MinisumoSTM-master/minisumo/Drivers/STM32F1xx_HAL_Driver/Inc" -I"D:/workspace/minisumo/MinisumoSTM-master/minisumo/Drivers/STM32F1xx_HAL_Driver/Inc/Legacy" -I"D:/workspace/minisumo/MinisumoSTM-master/minisumo/Drivers/CMSIS/Device/ST/STM32F1xx/Include" -I"D:/workspace/minisumo/MinisumoSTM-master/minisumo/Drivers/CMSIS/Include" -I"D:/workspace/minisumo/MinisumoSTM-master/minisumo/Inc"  -Og -g3 -Wall -fmessage-length=0 -ffunction-sections -c -fmessage-length=0 -MMD -MP -MF"Drivers/STM32F1xx_HAL_Driver/stm32f1xx_hal_uart.d" -MT"Drivers/STM32F1xx_HAL_Driver/stm32f1xx_hal_uart.o" -o "Drivers/STM32F1xx_HAL_Driver/stm32f1xx_hal_uart.o" "D:/workspace/minisumo/MinisumoSTM-master/minisumo/Drivers/STM32F1xx_HAL_Driver/Src/stm32f1xx_hal_uart.c"
Finished building: D:/workspace/minisumo/MinisumoSTM-master/minisumo/Drivers/STM32F1xx_HAL_Driver/Src/stm32f1xx_hal_uart.c
 
Building file: D:/workspace/minisumo/MinisumoSTM-master/minisumo/Src/system_stm32f1xx.c
Invoking: MCU GCC Compiler
D:\workspace\minisumo\MinisumoSTM-master\minisumo\SW4STM32\minisumo\Debug
arm-none-eabi-gcc -mcpu=cortex-m3 -mthumb -mfloat-abi=soft '-D__weak=__attribute__((weak))' '-D__packed="__attribute__((__packed__))"' -DUSE_HAL_DRIVER -DSTM32F100xB -I"D:/workspace/minisumo/MinisumoSTM-master/minisumo/Inc" -I"D:/workspace/minisumo/MinisumoSTM-master/minisumo/Drivers/STM32F1xx_HAL_Driver/Inc" -I"D:/workspace/minisumo/MinisumoSTM-master/minisumo/Drivers/STM32F1xx_HAL_Driver/Inc/Legacy" -I"D:/workspace/minisumo/MinisumoSTM-master/minisumo/Drivers/CMSIS/Device/ST/STM32F1xx/Include" -I"D:/workspace/minisumo/MinisumoSTM-master/minisumo/Drivers/CMSIS/Include" -I"D:/workspace/minisumo/MinisumoSTM-master/minisumo/Inc"  -Og -g3 -Wall -fmessage-length=0 -ffunction-sections -c -fmessage-length=0 -MMD -MP -MF"Drivers/CMSIS/system_stm32f1xx.d" -MT"Drivers/CMSIS/system_stm32f1xx.o" -o "Drivers/CMSIS/system_stm32f1xx.o" "D:/workspace/minisumo/MinisumoSTM-master/minisumo/Src/system_stm32f1xx.c"
Finished building: D:/workspace/minisumo/MinisumoSTM-master/minisumo/Src/system_stm32f1xx.c
 
Building file: D:/workspace/minisumo/MinisumoSTM-master/minisumo/Src/main.c
Invoking: MCU GCC Compiler
D:\workspace\minisumo\MinisumoSTM-master\minisumo\SW4STM32\minisumo\Debug
arm-none-eabi-gcc -mcpu=cortex-m3 -mthumb -mfloat-abi=soft '-D__weak=__attribute__((weak))' '-D__packed="__attribute__((__packed__))"' -DUSE_HAL_DRIVER -DSTM32F100xB -I"D:/workspace/minisumo/MinisumoSTM-master/minisumo/Inc" -I"D:/workspace/minisumo/MinisumoSTM-master/minisumo/Drivers/STM32F1xx_HAL_Driver/Inc" -I"D:/workspace/minisumo/MinisumoSTM-master/minisumo/Drivers/STM32F1xx_HAL_Driver/Inc/Legacy" -I"D:/workspace/minisumo/MinisumoSTM-master/minisumo/Drivers/CMSIS/Device/ST/STM32F1xx/Include" -I"D:/workspace/minisumo/MinisumoSTM-master/minisumo/Drivers/CMSIS/Include" -I"D:/workspace/minisumo/MinisumoSTM-master/minisumo/Inc"  -Og -g3 -Wall -fmessage-length=0 -ffunction-sections -c -fmessage-length=0 -MMD -MP -MF"Application/User/main.d" -MT"Application/User/main.o" -o "Application/User/main.o" "D:/workspace/minisumo/MinisumoSTM-master/minisumo/Src/main.c"
Finished building: D:/workspace/minisumo/MinisumoSTM-master/minisumo/Src/main.c
 
Building file: D:/workspace/minisumo/MinisumoSTM-master/minisumo/Src/stm32f1xx_hal_msp.c
Invoking: MCU GCC Compiler
D:\workspace\minisumo\MinisumoSTM-master\minisumo\SW4STM32\minisumo\Debug
arm-none-eabi-gcc -mcpu=cortex-m3 -mthumb -mfloat-abi=soft '-D__weak=__attribute__((weak))' '-D__packed="__attribute__((__packed__))"' -DUSE_HAL_DRIVER -DSTM32F100xB -I"D:/workspace/minisumo/MinisumoSTM-master/minisumo/Inc" -I"D:/workspace/minisumo/MinisumoSTM-master/minisumo/Drivers/STM32F1xx_HAL_Driver/Inc" -I"D:/workspace/minisumo/MinisumoSTM-master/minisumo/Drivers/STM32F1xx_HAL_Driver/Inc/Legacy" -I"D:/workspace/minisumo/MinisumoSTM-master/minisumo/Drivers/CMSIS/Device/ST/STM32F1xx/Include" -I"D:/workspace/minisumo/MinisumoSTM-master/minisumo/Drivers/CMSIS/Include" -I"D:/workspace/minisumo/MinisumoSTM-master/minisumo/Inc"  -Og -g3 -Wall -fmessage-length=0 -ffunction-sections -c -fmessage-length=0 -MMD -MP -MF"Application/User/stm32f1xx_hal_msp.d" -MT"Application/User/stm32f1xx_hal_msp.o" -o "Application/User/stm32f1xx_hal_msp.o" "D:/workspace/minisumo/MinisumoSTM-master/minisumo/Src/stm32f1xx_hal_msp.c"
Finished building: D:/workspace/minisumo/MinisumoSTM-master/minisumo/Src/stm32f1xx_hal_msp.c
 
Building file: D:/workspace/minisumo/MinisumoSTM-master/minisumo/Src/stm32f1xx_it.c
Invoking: MCU GCC Compiler
D:\workspace\minisumo\MinisumoSTM-master\minisumo\SW4STM32\minisumo\Debug
arm-none-eabi-gcc -mcpu=cortex-m3 -mthumb -mfloat-abi=soft '-D__weak=__attribute__((weak))' '-D__packed="__attribute__((__packed__))"' -DUSE_HAL_DRIVER -DSTM32F100xB -I"D:/workspace/minisumo/MinisumoSTM-master/minisumo/Inc" -I"D:/workspace/minisumo/MinisumoSTM-master/minisumo/Drivers/STM32F1xx_HAL_Driver/Inc" -I"D:/workspace/minisumo/MinisumoSTM-master/minisumo/Drivers/STM32F1xx_HAL_Driver/Inc/Legacy" -I"D:/workspace/minisumo/MinisumoSTM-master/minisumo/Drivers/CMSIS/Device/ST/STM32F1xx/Include" -I"D:/workspace/minisumo/MinisumoSTM-master/minisumo/Drivers/CMSIS/Include" -I"D:/workspace/minisumo/MinisumoSTM-master/minisumo/Inc"  -Og -g3 -Wall -fmessage-length=0 -ffunction-sections -c -fmessage-length=0 -MMD -MP -MF"Application/User/stm32f1xx_it.d" -MT"Application/User/stm32f1xx_it.o" -o "Application/User/stm32f1xx_it.o" "D:/workspace/minisumo/MinisumoSTM-master/minisumo/Src/stm32f1xx_it.c"
Finished building: D:/workspace/minisumo/MinisumoSTM-master/minisumo/Src/stm32f1xx_it.c
 
Building file: D:/workspace/minisumo/MinisumoSTM-master/minisumo/SW4STM32/startup_stm32f100xb.s
Invoking: MCU GCC Assembler
D:\workspace\minisumo\MinisumoSTM-master\minisumo\SW4STM32\minisumo\Debug
arm-none-eabi-as -mcpu=cortex-m3 -mthumb -mfloat-abi=soft -g -o "Application/SW4STM32/startup_stm32f100xb.o" "D:/workspace/minisumo/MinisumoSTM-master/minisumo/SW4STM32/startup_stm32f100xb.s"
Finished building: D:/workspace/minisumo/MinisumoSTM-master/minisumo/SW4STM32/startup_stm32f100xb.s
 
Building target: minisumo.elf
Invoking: MCU GCC Linker
arm-none-eabi-gcc -mcpu=cortex-m3 -mthumb -mfloat-abi=soft -specs=nosys.specs -specs=nano.specs -T"../STM32F100C8Tx_FLASH.ld" -Wl,-Map=output.map -Wl,--gc-sections -o "minisumo.elf" @"objects.list"   -lm
Finished building target: minisumo.elf
 
make --no-print-directory post-build
Generating binary and Printing size information:
arm-none-eabi-objcopy -O binary "minisumo.elf" "minisumo.bin"
arm-none-eabi-size "minisumo.elf"
   text	   data	    bss	    dec	    hex	filename
   8256	     16	   1752	  10024	   2728	minisumo.elf
 
21:35:07 **** Clean-only build of configuration Debug for project minisumo ****
make clean 
rm -rf *
 
21:35:36 **** Build of configuration Debug for project minisumo ****
make all 
Building file: D:/workspace/minisumo/MinisumoSTM-master/minisumo/Drivers/STM32F1xx_HAL_Driver/Src/stm32f1xx_hal.c
Invoking: MCU GCC Compiler
D:\workspace\minisumo\MinisumoSTM-master\minisumo\SW4STM32\minisumo\Debug
arm-none-eabi-gcc -mcpu=cortex-m3 -mthumb -mfloat-abi=soft '-D__weak=__attribute__((weak))' '-D__packed="__attribute__((__packed__))"' -DUSE_HAL_DRIVER -DSTM32F100xB '-D__weak=__attribute__((weak))' '-D__packed=__attribute__((__packed__))' -I"D:/workspace/minisumo/MinisumoSTM-master/minisumo/Inc" -I"D:/workspace/minisumo/MinisumoSTM-master/minisumo/Drivers/STM32F1xx_HAL_Driver/Inc" -I"D:/workspace/minisumo/MinisumoSTM-master/minisumo/Drivers/STM32F1xx_HAL_Driver/Inc/Legacy" -I"D:/workspace/minisumo/MinisumoSTM-master/minisumo/Drivers/CMSIS/Device/ST/STM32F1xx/Include" -I"D:/workspace/minisumo/MinisumoSTM-master/minisumo/Drivers/CMSIS/Include" -I"D:/workspace/minisumo/MinisumoSTM-master/minisumo/Inc" -I"D:/workspace/minisumo/MinisumoSTM-master/minisumo/Drivers/CMSIS/Include" -I../../../../../Drivers/CMSIS/Include -I../../../../../../../Drivers/CMSIS/Include -I../../../../../../../../../Drivers/CMSIS/Include -I../../../../../../../../../../../Drivers/CMSIS/Include  -Og -g3 -Wall -fmessage-length=0 -ffunction-sections -c -fmessage-length=0 -MMD -MP -MF"Drivers/STM32F1xx_HAL_Driver/stm32f1xx_hal.d" -MT"Drivers/STM32F1xx_HAL_Driver/stm32f1xx_hal.o" -o "Drivers/STM32F1xx_HAL_Driver/stm32f1xx_hal.o" "D:/workspace/minisumo/MinisumoSTM-master/minisumo/Drivers/STM32F1xx_HAL_Driver/Src/stm32f1xx_hal.c"
<command-line>:0:0: warning: "__packed" redefined
<command-line>:0:0: note: this is the location of the previous definition
Finished building: D:/workspace/minisumo/MinisumoSTM-master/minisumo/Drivers/STM32F1xx_HAL_Driver/Src/stm32f1xx_hal.c
 
Building file: D:/workspace/minisumo/MinisumoSTM-master/minisumo/Drivers/STM32F1xx_HAL_Driver/Src/stm32f1xx_hal_adc.c
Invoking: MCU GCC Compiler
D:\workspace\minisumo\MinisumoSTM-master\minisumo\SW4STM32\minisumo\Debug
arm-none-eabi-gcc -mcpu=cortex-m3 -mthumb -mfloat-abi=soft '-D__weak=__attribute__((weak))' '-D__packed="__attribute__((__packed__))"' -DUSE_HAL_DRIVER -DSTM32F100xB '-D__weak=__attribute__((weak))' '-D__packed=__attribute__((__packed__))' -I"D:/workspace/minisumo/MinisumoSTM-master/minisumo/Inc" -I"D:/workspace/minisumo/MinisumoSTM-master/minisumo/Drivers/STM32F1xx_HAL_Driver/Inc" -I"D:/workspace/minisumo/MinisumoSTM-master/minisumo/Drivers/STM32F1xx_HAL_Driver/Inc/Legacy" -I"D:/workspace/minisumo/MinisumoSTM-master/minisumo/Drivers/CMSIS/Device/ST/STM32F1xx/Include" -I"D:/workspace/minisumo/MinisumoSTM-master/minisumo/Drivers/CMSIS/Include" -I"D:/workspace/minisumo/MinisumoSTM-master/minisumo/Inc" -I"D:/workspace/minisumo/MinisumoSTM-master/minisumo/Drivers/CMSIS/Include" -I../../../../../Drivers/CMSIS/Include -I../../../../../../../Drivers/CMSIS/Include -I../../../../../../../../../Drivers/CMSIS/Include -I../../../../../../../../../../../Drivers/CMSIS/Include  -Og -g3 -Wall -fmessage-length=0 -ffunction-sections -c -fmessage-length=0 -MMD -MP -MF"Drivers/STM32F1xx_HAL_Driver/stm32f1xx_hal_adc.d" -MT"Drivers/STM32F1xx_HAL_Driver/stm32f1xx_hal_adc.o" -o "Drivers/STM32F1xx_HAL_Driver/stm32f1xx_hal_adc.o" "D:/workspace/minisumo/MinisumoSTM-master/minisumo/Drivers/STM32F1xx_HAL_Driver/Src/stm32f1xx_hal_adc.c"
<command-line>:0:0: warning: "__packed" redefined
<command-line>:0:0: note: this is the location of the previous definition
Finished building: D:/workspace/minisumo/MinisumoSTM-master/minisumo/Drivers/STM32F1xx_HAL_Driver/Src/stm32f1xx_hal_adc.c
 
Building file: D:/workspace/minisumo/MinisumoSTM-master/minisumo/Drivers/STM32F1xx_HAL_Driver/Src/stm32f1xx_hal_adc_ex.c
Invoking: MCU GCC Compiler
D:\workspace\minisumo\MinisumoSTM-master\minisumo\SW4STM32\minisumo\Debug
arm-none-eabi-gcc -mcpu=cortex-m3 -mthumb -mfloat-abi=soft '-D__weak=__attribute__((weak))' '-D__packed="__attribute__((__packed__))"' -DUSE_HAL_DRIVER -DSTM32F100xB '-D__weak=__attribute__((weak))' '-D__packed=__attribute__((__packed__))' -I"D:/workspace/minisumo/MinisumoSTM-master/minisumo/Inc" -I"D:/workspace/minisumo/MinisumoSTM-master/minisumo/Drivers/STM32F1xx_HAL_Driver/Inc" -I"D:/workspace/minisumo/MinisumoSTM-master/minisumo/Drivers/STM32F1xx_HAL_Driver/Inc/Legacy" -I"D:/workspace/minisumo/MinisumoSTM-master/minisumo/Drivers/CMSIS/Device/ST/STM32F1xx/Include" -I"D:/workspace/minisumo/MinisumoSTM-master/minisumo/Drivers/CMSIS/Include" -I"D:/workspace/minisumo/MinisumoSTM-master/minisumo/Inc" -I"D:/workspace/minisumo/MinisumoSTM-master/minisumo/Drivers/CMSIS/Include" -I../../../../../Drivers/CMSIS/Include -I../../../../../../../Drivers/CMSIS/Include -I../../../../../../../../../Drivers/CMSIS/Include -I../../../../../../../../../../../Drivers/CMSIS/Include  -Og -g3 -Wall -fmessage-length=0 -ffunction-sections -c -fmessage-length=0 -MMD -MP -MF"Drivers/STM32F1xx_HAL_Driver/stm32f1xx_hal_adc_ex.d" -MT"Drivers/STM32F1xx_HAL_Driver/stm32f1xx_hal_adc_ex.o" -o "Drivers/STM32F1xx_HAL_Driver/stm32f1xx_hal_adc_ex.o" "D:/workspace/minisumo/MinisumoSTM-master/minisumo/Drivers/STM32F1xx_HAL_Driver/Src/stm32f1xx_hal_adc_ex.c"
<command-line>:0:0: warning: "__packed" redefined
<command-line>:0:0: note: this is the location of the previous definition
Finished building: D:/workspace/minisumo/MinisumoSTM-master/minisumo/Drivers/STM32F1xx_HAL_Driver/Src/stm32f1xx_hal_adc_ex.c
 
Building file: D:/workspace/minisumo/MinisumoSTM-master/minisumo/Drivers/STM32F1xx_HAL_Driver/Src/stm32f1xx_hal_cortex.c
Invoking: MCU GCC Compiler
D:\workspace\minisumo\MinisumoSTM-master\minisumo\SW4STM32\minisumo\Debug
arm-none-eabi-gcc -mcpu=cortex-m3 -mthumb -mfloat-abi=soft '-D__weak=__attribute__((weak))' '-D__packed="__attribute__((__packed__))"' -DUSE_HAL_DRIVER -DSTM32F100xB '-D__weak=__attribute__((weak))' '-D__packed=__attribute__((__packed__))' -I"D:/workspace/minisumo/MinisumoSTM-master/minisumo/Inc" -I"D:/workspace/minisumo/MinisumoSTM-master/minisumo/Drivers/STM32F1xx_HAL_Driver/Inc" -I"D:/workspace/minisumo/MinisumoSTM-master/minisumo/Drivers/STM32F1xx_HAL_Driver/Inc/Legacy" -I"D:/workspace/minisumo/MinisumoSTM-master/minisumo/Drivers/CMSIS/Device/ST/STM32F1xx/Include" -I"D:/workspace/minisumo/MinisumoSTM-master/minisumo/Drivers/CMSIS/Include" -I"D:/workspace/minisumo/MinisumoSTM-master/minisumo/Inc" -I"D:/workspace/minisumo/MinisumoSTM-master/minisumo/Drivers/CMSIS/Include" -I../../../../../Drivers/CMSIS/Include -I../../../../../../../Drivers/CMSIS/Include -I../../../../../../../../../Drivers/CMSIS/Include -I../../../../../../../../../../../Drivers/CMSIS/Include  -Og -g3 -Wall -fmessage-length=0 -ffunction-sections -c -fmessage-length=0 -MMD -MP -MF"Drivers/STM32F1xx_HAL_Driver/stm32f1xx_hal_cortex.d" -MT"Drivers/STM32F1xx_HAL_Driver/stm32f1xx_hal_cortex.o" -o "Drivers/STM32F1xx_HAL_Driver/stm32f1xx_hal_cortex.o" "D:/workspace/minisumo/MinisumoSTM-master/minisumo/Drivers/STM32F1xx_HAL_Driver/Src/stm32f1xx_hal_cortex.c"
<command-line>:0:0: warning: "__packed" redefined
<command-line>:0:0: note: this is the location of the previous definition
Finished building: D:/workspace/minisumo/MinisumoSTM-master/minisumo/Drivers/STM32F1xx_HAL_Driver/Src/stm32f1xx_hal_cortex.c
 
Building file: D:/workspace/minisumo/MinisumoSTM-master/minisumo/Drivers/STM32F1xx_HAL_Driver/Src/stm32f1xx_hal_dma.c
Invoking: MCU GCC Compiler
D:\workspace\minisumo\MinisumoSTM-master\minisumo\SW4STM32\minisumo\Debug
arm-none-eabi-gcc -mcpu=cortex-m3 -mthumb -mfloat-abi=soft '-D__weak=__attribute__((weak))' '-D__packed="__attribute__((__packed__))"' -DUSE_HAL_DRIVER -DSTM32F100xB '-D__weak=__attribute__((weak))' '-D__packed=__attribute__((__packed__))' -I"D:/workspace/minisumo/MinisumoSTM-master/minisumo/Inc" -I"D:/workspace/minisumo/MinisumoSTM-master/minisumo/Drivers/STM32F1xx_HAL_Driver/Inc" -I"D:/workspace/minisumo/MinisumoSTM-master/minisumo/Drivers/STM32F1xx_HAL_Driver/Inc/Legacy" -I"D:/workspace/minisumo/MinisumoSTM-master/minisumo/Drivers/CMSIS/Device/ST/STM32F1xx/Include" -I"D:/workspace/minisumo/MinisumoSTM-master/minisumo/Drivers/CMSIS/Include" -I"D:/workspace/minisumo/MinisumoSTM-master/minisumo/Inc" -I"D:/workspace/minisumo/MinisumoSTM-master/minisumo/Drivers/CMSIS/Include" -I../../../../../Drivers/CMSIS/Include -I../../../../../../../Drivers/CMSIS/Include -I../../../../../../../../../Drivers/CMSIS/Include -I../../../../../../../../../../../Drivers/CMSIS/Include  -Og -g3 -Wall -fmessage-length=0 -ffunction-sections -c -fmessage-length=0 -MMD -MP -MF"Drivers/STM32F1xx_HAL_Driver/stm32f1xx_hal_dma.d" -MT"Drivers/STM32F1xx_HAL_Driver/stm32f1xx_hal_dma.o" -o "Drivers/STM32F1xx_HAL_Driver/stm32f1xx_hal_dma.o" "D:/workspace/minisumo/MinisumoSTM-master/minisumo/Drivers/STM32F1xx_HAL_Driver/Src/stm32f1xx_hal_dma.c"
<command-line>:0:0: warning: "__packed" redefined
<command-line>:0:0: note: this is the location of the previous definition
Finished building: D:/workspace/minisumo/MinisumoSTM-master/minisumo/Drivers/STM32F1xx_HAL_Driver/Src/stm32f1xx_hal_dma.c
 
Building file: D:/workspace/minisumo/MinisumoSTM-master/minisumo/Drivers/STM32F1xx_HAL_Driver/Src/stm32f1xx_hal_flash.c
Invoking: MCU GCC Compiler
D:\workspace\minisumo\MinisumoSTM-master\minisumo\SW4STM32\minisumo\Debug
arm-none-eabi-gcc -mcpu=cortex-m3 -mthumb -mfloat-abi=soft '-D__weak=__attribute__((weak))' '-D__packed="__attribute__((__packed__))"' -DUSE_HAL_DRIVER -DSTM32F100xB '-D__weak=__attribute__((weak))' '-D__packed=__attribute__((__packed__))' -I"D:/workspace/minisumo/MinisumoSTM-master/minisumo/Inc" -I"D:/workspace/minisumo/MinisumoSTM-master/minisumo/Drivers/STM32F1xx_HAL_Driver/Inc" -I"D:/workspace/minisumo/MinisumoSTM-master/minisumo/Drivers/STM32F1xx_HAL_Driver/Inc/Legacy" -I"D:/workspace/minisumo/MinisumoSTM-master/minisumo/Drivers/CMSIS/Device/ST/STM32F1xx/Include" -I"D:/workspace/minisumo/MinisumoSTM-master/minisumo/Drivers/CMSIS/Include" -I"D:/workspace/minisumo/MinisumoSTM-master/minisumo/Inc" -I"D:/workspace/minisumo/MinisumoSTM-master/minisumo/Drivers/CMSIS/Include" -I../../../../../Drivers/CMSIS/Include -I../../../../../../../Drivers/CMSIS/Include -I../../../../../../../../../Drivers/CMSIS/Include -I../../../../../../../../../../../Drivers/CMSIS/Include  -Og -g3 -Wall -fmessage-length=0 -ffunction-sections -c -fmessage-length=0 -MMD -MP -MF"Drivers/STM32F1xx_HAL_Driver/stm32f1xx_hal_flash.d" -MT"Drivers/STM32F1xx_HAL_Driver/stm32f1xx_hal_flash.o" -o "Drivers/STM32F1xx_HAL_Driver/stm32f1xx_hal_flash.o" "D:/workspace/minisumo/MinisumoSTM-master/minisumo/Drivers/STM32F1xx_HAL_Driver/Src/stm32f1xx_hal_flash.c"
<command-line>:0:0: warning: "__packed" redefined
<command-line>:0:0: note: this is the location of the previous definition
Finished building: D:/workspace/minisumo/MinisumoSTM-master/minisumo/Drivers/STM32F1xx_HAL_Driver/Src/stm32f1xx_hal_flash.c
 
Building file: D:/workspace/minisumo/MinisumoSTM-master/minisumo/Drivers/STM32F1xx_HAL_Driver/Src/stm32f1xx_hal_flash_ex.c
Invoking: MCU GCC Compiler
D:\workspace\minisumo\MinisumoSTM-master\minisumo\SW4STM32\minisumo\Debug
arm-none-eabi-gcc -mcpu=cortex-m3 -mthumb -mfloat-abi=soft '-D__weak=__attribute__((weak))' '-D__packed="__attribute__((__packed__))"' -DUSE_HAL_DRIVER -DSTM32F100xB '-D__weak=__attribute__((weak))' '-D__packed=__attribute__((__packed__))' -I"D:/workspace/minisumo/MinisumoSTM-master/minisumo/Inc" -I"D:/workspace/minisumo/MinisumoSTM-master/minisumo/Drivers/STM32F1xx_HAL_Driver/Inc" -I"D:/workspace/minisumo/MinisumoSTM-master/minisumo/Drivers/STM32F1xx_HAL_Driver/Inc/Legacy" -I"D:/workspace/minisumo/MinisumoSTM-master/minisumo/Drivers/CMSIS/Device/ST/STM32F1xx/Include" -I"D:/workspace/minisumo/MinisumoSTM-master/minisumo/Drivers/CMSIS/Include" -I"D:/workspace/minisumo/MinisumoSTM-master/minisumo/Inc" -I"D:/workspace/minisumo/MinisumoSTM-master/minisumo/Drivers/CMSIS/Include" -I../../../../../Drivers/CMSIS/Include -I../../../../../../../Drivers/CMSIS/Include -I../../../../../../../../../Drivers/CMSIS/Include -I../../../../../../../../../../../Drivers/CMSIS/Include  -Og -g3 -Wall -fmessage-length=0 -ffunction-sections -c -fmessage-length=0 -MMD -MP -MF"Drivers/STM32F1xx_HAL_Driver/stm32f1xx_hal_flash_ex.d" -MT"Drivers/STM32F1xx_HAL_Driver/stm32f1xx_hal_flash_ex.o" -o "Drivers/STM32F1xx_HAL_Driver/stm32f1xx_hal_flash_ex.o" "D:/workspace/minisumo/MinisumoSTM-master/minisumo/Drivers/STM32F1xx_HAL_Driver/Src/stm32f1xx_hal_flash_ex.c"
<command-line>:0:0: warning: "__packed" redefined
<command-line>:0:0: note: this is the location of the previous definition
Finished building: D:/workspace/minisumo/MinisumoSTM-master/minisumo/Drivers/STM32F1xx_HAL_Driver/Src/stm32f1xx_hal_flash_ex.c
 
Building file: D:/workspace/minisumo/MinisumoSTM-master/minisumo/Drivers/STM32F1xx_HAL_Driver/Src/stm32f1xx_hal_gpio.c
Invoking: MCU GCC Compiler
D:\workspace\minisumo\MinisumoSTM-master\minisumo\SW4STM32\minisumo\Debug
arm-none-eabi-gcc -mcpu=cortex-m3 -mthumb -mfloat-abi=soft '-D__weak=__attribute__((weak))' '-D__packed="__attribute__((__packed__))"' -DUSE_HAL_DRIVER -DSTM32F100xB '-D__weak=__attribute__((weak))' '-D__packed=__attribute__((__packed__))' -I"D:/workspace/minisumo/MinisumoSTM-master/minisumo/Inc" -I"D:/workspace/minisumo/MinisumoSTM-master/minisumo/Drivers/STM32F1xx_HAL_Driver/Inc" -I"D:/workspace/minisumo/MinisumoSTM-master/minisumo/Drivers/STM32F1xx_HAL_Driver/Inc/Legacy" -I"D:/workspace/minisumo/MinisumoSTM-master/minisumo/Drivers/CMSIS/Device/ST/STM32F1xx/Include" -I"D:/workspace/minisumo/MinisumoSTM-master/minisumo/Drivers/CMSIS/Include" -I"D:/workspace/minisumo/MinisumoSTM-master/minisumo/Inc" -I"D:/workspace/minisumo/MinisumoSTM-master/minisumo/Drivers/CMSIS/Include" -I../../../../../Drivers/CMSIS/Include -I../../../../../../../Drivers/CMSIS/Include -I../../../../../../../../../Drivers/CMSIS/Include -I../../../../../../../../../../../Drivers/CMSIS/Include  -Og -g3 -Wall -fmessage-length=0 -ffunction-sections -c -fmessage-length=0 -MMD -MP -MF"Drivers/STM32F1xx_HAL_Driver/stm32f1xx_hal_gpio.d" -MT"Drivers/STM32F1xx_HAL_Driver/stm32f1xx_hal_gpio.o" -o "Drivers/STM32F1xx_HAL_Driver/stm32f1xx_hal_gpio.o" "D:/workspace/minisumo/MinisumoSTM-master/minisumo/Drivers/STM32F1xx_HAL_Driver/Src/stm32f1xx_hal_gpio.c"
<command-line>:0:0: warning: "__packed" redefined
<command-line>:0:0: note: this is the location of the previous definition
Finished building: D:/workspace/minisumo/MinisumoSTM-master/minisumo/Drivers/STM32F1xx_HAL_Driver/Src/stm32f1xx_hal_gpio.c
 
Building file: D:/workspace/minisumo/MinisumoSTM-master/minisumo/Drivers/STM32F1xx_HAL_Driver/Src/stm32f1xx_hal_gpio_ex.c
Invoking: MCU GCC Compiler
D:\workspace\minisumo\MinisumoSTM-master\minisumo\SW4STM32\minisumo\Debug
arm-none-eabi-gcc -mcpu=cortex-m3 -mthumb -mfloat-abi=soft '-D__weak=__attribute__((weak))' '-D__packed="__attribute__((__packed__))"' -DUSE_HAL_DRIVER -DSTM32F100xB '-D__weak=__attribute__((weak))' '-D__packed=__attribute__((__packed__))' -I"D:/workspace/minisumo/MinisumoSTM-master/minisumo/Inc" -I"D:/workspace/minisumo/MinisumoSTM-master/minisumo/Drivers/STM32F1xx_HAL_Driver/Inc" -I"D:/workspace/minisumo/MinisumoSTM-master/minisumo/Drivers/STM32F1xx_HAL_Driver/Inc/Legacy" -I"D:/workspace/minisumo/MinisumoSTM-master/minisumo/Drivers/CMSIS/Device/ST/STM32F1xx/Include" -I"D:/workspace/minisumo/MinisumoSTM-master/minisumo/Drivers/CMSIS/Include" -I"D:/workspace/minisumo/MinisumoSTM-master/minisumo/Inc" -I"D:/workspace/minisumo/MinisumoSTM-master/minisumo/Drivers/CMSIS/Include" -I../../../../../Drivers/CMSIS/Include -I../../../../../../../Drivers/CMSIS/Include -I../../../../../../../../../Drivers/CMSIS/Include -I../../../../../../../../../../../Drivers/CMSIS/Include  -Og -g3 -Wall -fmessage-length=0 -ffunction-sections -c -fmessage-length=0 -MMD -MP -MF"Drivers/STM32F1xx_HAL_Driver/stm32f1xx_hal_gpio_ex.d" -MT"Drivers/STM32F1xx_HAL_Driver/stm32f1xx_hal_gpio_ex.o" -o "Drivers/STM32F1xx_HAL_Driver/stm32f1xx_hal_gpio_ex.o" "D:/workspace/minisumo/MinisumoSTM-master/minisumo/Drivers/STM32F1xx_HAL_Driver/Src/stm32f1xx_hal_gpio_ex.c"
<command-line>:0:0: warning: "__packed" redefined
<command-line>:0:0: note: this is the location of the previous definition
Finished building: D:/workspace/minisumo/MinisumoSTM-master/minisumo/Drivers/STM32F1xx_HAL_Driver/Src/stm32f1xx_hal_gpio_ex.c
 
Building file: D:/workspace/minisumo/MinisumoSTM-master/minisumo/Drivers/STM32F1xx_HAL_Driver/Src/stm32f1xx_hal_pwr.c
Invoking: MCU GCC Compiler
D:\workspace\minisumo\MinisumoSTM-master\minisumo\SW4STM32\minisumo\Debug
arm-none-eabi-gcc -mcpu=cortex-m3 -mthumb -mfloat-abi=soft '-D__weak=__attribute__((weak))' '-D__packed="__attribute__((__packed__))"' -DUSE_HAL_DRIVER -DSTM32F100xB '-D__weak=__attribute__((weak))' '-D__packed=__attribute__((__packed__))' -I"D:/workspace/minisumo/MinisumoSTM-master/minisumo/Inc" -I"D:/workspace/minisumo/MinisumoSTM-master/minisumo/Drivers/STM32F1xx_HAL_Driver/Inc" -I"D:/workspace/minisumo/MinisumoSTM-master/minisumo/Drivers/STM32F1xx_HAL_Driver/Inc/Legacy" -I"D:/workspace/minisumo/MinisumoSTM-master/minisumo/Drivers/CMSIS/Device/ST/STM32F1xx/Include" -I"D:/workspace/minisumo/MinisumoSTM-master/minisumo/Drivers/CMSIS/Include" -I"D:/workspace/minisumo/MinisumoSTM-master/minisumo/Inc" -I"D:/workspace/minisumo/MinisumoSTM-master/minisumo/Drivers/CMSIS/Include" -I../../../../../Drivers/CMSIS/Include -I../../../../../../../Drivers/CMSIS/Include -I../../../../../../../../../Drivers/CMSIS/Include -I../../../../../../../../../../../Drivers/CMSIS/Include  -Og -g3 -Wall -fmessage-length=0 -ffunction-sections -c -fmessage-length=0 -MMD -MP -MF"Drivers/STM32F1xx_HAL_Driver/stm32f1xx_hal_pwr.d" -MT"Drivers/STM32F1xx_HAL_Driver/stm32f1xx_hal_pwr.o" -o "Drivers/STM32F1xx_HAL_Driver/stm32f1xx_hal_pwr.o" "D:/workspace/minisumo/MinisumoSTM-master/minisumo/Drivers/STM32F1xx_HAL_Driver/Src/stm32f1xx_hal_pwr.c"
<command-line>:0:0: warning: "__packed" redefined
<command-line>:0:0: note: this is the location of the previous definition
Finished building: D:/workspace/minisumo/MinisumoSTM-master/minisumo/Drivers/STM32F1xx_HAL_Driver/Src/stm32f1xx_hal_pwr.c
 
Building file: D:/workspace/minisumo/MinisumoSTM-master/minisumo/Drivers/STM32F1xx_HAL_Driver/Src/stm32f1xx_hal_rcc.c
Invoking: MCU GCC Compiler
D:\workspace\minisumo\MinisumoSTM-master\minisumo\SW4STM32\minisumo\Debug
arm-none-eabi-gcc -mcpu=cortex-m3 -mthumb -mfloat-abi=soft '-D__weak=__attribute__((weak))' '-D__packed="__attribute__((__packed__))"' -DUSE_HAL_DRIVER -DSTM32F100xB '-D__weak=__attribute__((weak))' '-D__packed=__attribute__((__packed__))' -I"D:/workspace/minisumo/MinisumoSTM-master/minisumo/Inc" -I"D:/workspace/minisumo/MinisumoSTM-master/minisumo/Drivers/STM32F1xx_HAL_Driver/Inc" -I"D:/workspace/minisumo/MinisumoSTM-master/minisumo/Drivers/STM32F1xx_HAL_Driver/Inc/Legacy" -I"D:/workspace/minisumo/MinisumoSTM-master/minisumo/Drivers/CMSIS/Device/ST/STM32F1xx/Include" -I"D:/workspace/minisumo/MinisumoSTM-master/minisumo/Drivers/CMSIS/Include" -I"D:/workspace/minisumo/MinisumoSTM-master/minisumo/Inc" -I"D:/workspace/minisumo/MinisumoSTM-master/minisumo/Drivers/CMSIS/Include" -I../../../../../Drivers/CMSIS/Include -I../../../../../../../Drivers/CMSIS/Include -I../../../../../../../../../Drivers/CMSIS/Include -I../../../../../../../../../../../Drivers/CMSIS/Include  -Og -g3 -Wall -fmessage-length=0 -ffunction-sections -c -fmessage-length=0 -MMD -MP -MF"Drivers/STM32F1xx_HAL_Driver/stm32f1xx_hal_rcc.d" -MT"Drivers/STM32F1xx_HAL_Driver/stm32f1xx_hal_rcc.o" -o "Drivers/STM32F1xx_HAL_Driver/stm32f1xx_hal_rcc.o" "D:/workspace/minisumo/MinisumoSTM-master/minisumo/Drivers/STM32F1xx_HAL_Driver/Src/stm32f1xx_hal_rcc.c"
<command-line>:0:0: warning: "__packed" redefined
<command-line>:0:0: note: this is the location of the previous definition
Finished building: D:/workspace/minisumo/MinisumoSTM-master/minisumo/Drivers/STM32F1xx_HAL_Driver/Src/stm32f1xx_hal_rcc.c
 
Building file: D:/workspace/minisumo/MinisumoSTM-master/minisumo/Drivers/STM32F1xx_HAL_Driver/Src/stm32f1xx_hal_rcc_ex.c
Invoking: MCU GCC Compiler
D:\workspace\minisumo\MinisumoSTM-master\minisumo\SW4STM32\minisumo\Debug
arm-none-eabi-gcc -mcpu=cortex-m3 -mthumb -mfloat-abi=soft '-D__weak=__attribute__((weak))' '-D__packed="__attribute__((__packed__))"' -DUSE_HAL_DRIVER -DSTM32F100xB '-D__weak=__attribute__((weak))' '-D__packed=__attribute__((__packed__))' -I"D:/workspace/minisumo/MinisumoSTM-master/minisumo/Inc" -I"D:/workspace/minisumo/MinisumoSTM-master/minisumo/Drivers/STM32F1xx_HAL_Driver/Inc" -I"D:/workspace/minisumo/MinisumoSTM-master/minisumo/Drivers/STM32F1xx_HAL_Driver/Inc/Legacy" -I"D:/workspace/minisumo/MinisumoSTM-master/minisumo/Drivers/CMSIS/Device/ST/STM32F1xx/Include" -I"D:/workspace/minisumo/MinisumoSTM-master/minisumo/Drivers/CMSIS/Include" -I"D:/workspace/minisumo/MinisumoSTM-master/minisumo/Inc" -I"D:/workspace/minisumo/MinisumoSTM-master/minisumo/Drivers/CMSIS/Include" -I../../../../../Drivers/CMSIS/Include -I../../../../../../../Drivers/CMSIS/Include -I../../../../../../../../../Drivers/CMSIS/Include -I../../../../../../../../../../../Drivers/CMSIS/Include  -Og -g3 -Wall -fmessage-length=0 -ffunction-sections -c -fmessage-length=0 -MMD -MP -MF"Drivers/STM32F1xx_HAL_Driver/stm32f1xx_hal_rcc_ex.d" -MT"Drivers/STM32F1xx_HAL_Driver/stm32f1xx_hal_rcc_ex.o" -o "Drivers/STM32F1xx_HAL_Driver/stm32f1xx_hal_rcc_ex.o" "D:/workspace/minisumo/MinisumoSTM-master/minisumo/Drivers/STM32F1xx_HAL_Driver/Src/stm32f1xx_hal_rcc_ex.c"
<command-line>:0:0: warning: "__packed" redefined
<command-line>:0:0: note: this is the location of the previous definition
Finished building: D:/workspace/minisumo/MinisumoSTM-master/minisumo/Drivers/STM32F1xx_HAL_Driver/Src/stm32f1xx_hal_rcc_ex.c
 
Building file: D:/workspace/minisumo/MinisumoSTM-master/minisumo/Drivers/STM32F1xx_HAL_Driver/Src/stm32f1xx_hal_tim.c
Invoking: MCU GCC Compiler
D:\workspace\minisumo\MinisumoSTM-master\minisumo\SW4STM32\minisumo\Debug
arm-none-eabi-gcc -mcpu=cortex-m3 -mthumb -mfloat-abi=soft '-D__weak=__attribute__((weak))' '-D__packed="__attribute__((__packed__))"' -DUSE_HAL_DRIVER -DSTM32F100xB '-D__weak=__attribute__((weak))' '-D__packed=__attribute__((__packed__))' -I"D:/workspace/minisumo/MinisumoSTM-master/minisumo/Inc" -I"D:/workspace/minisumo/MinisumoSTM-master/minisumo/Drivers/STM32F1xx_HAL_Driver/Inc" -I"D:/workspace/minisumo/MinisumoSTM-master/minisumo/Drivers/STM32F1xx_HAL_Driver/Inc/Legacy" -I"D:/workspace/minisumo/MinisumoSTM-master/minisumo/Drivers/CMSIS/Device/ST/STM32F1xx/Include" -I"D:/workspace/minisumo/MinisumoSTM-master/minisumo/Drivers/CMSIS/Include" -I"D:/workspace/minisumo/MinisumoSTM-master/minisumo/Inc" -I"D:/workspace/minisumo/MinisumoSTM-master/minisumo/Drivers/CMSIS/Include" -I../../../../../Drivers/CMSIS/Include -I../../../../../../../Drivers/CMSIS/Include -I../../../../../../../../../Drivers/CMSIS/Include -I../../../../../../../../../../../Drivers/CMSIS/Include  -Og -g3 -Wall -fmessage-length=0 -ffunction-sections -c -fmessage-length=0 -MMD -MP -MF"Drivers/STM32F1xx_HAL_Driver/stm32f1xx_hal_tim.d" -MT"Drivers/STM32F1xx_HAL_Driver/stm32f1xx_hal_tim.o" -o "Drivers/STM32F1xx_HAL_Driver/stm32f1xx_hal_tim.o" "D:/workspace/minisumo/MinisumoSTM-master/minisumo/Drivers/STM32F1xx_HAL_Driver/Src/stm32f1xx_hal_tim.c"
<command-line>:0:0: warning: "__packed" redefined
<command-line>:0:0: note: this is the location of the previous definition
Finished building: D:/workspace/minisumo/MinisumoSTM-master/minisumo/Drivers/STM32F1xx_HAL_Driver/Src/stm32f1xx_hal_tim.c
 
Building file: D:/workspace/minisumo/MinisumoSTM-master/minisumo/Drivers/STM32F1xx_HAL_Driver/Src/stm32f1xx_hal_tim_ex.c
Invoking: MCU GCC Compiler
D:\workspace\minisumo\MinisumoSTM-master\minisumo\SW4STM32\minisumo\Debug
arm-none-eabi-gcc -mcpu=cortex-m3 -mthumb -mfloat-abi=soft '-D__weak=__attribute__((weak))' '-D__packed="__attribute__((__packed__))"' -DUSE_HAL_DRIVER -DSTM32F100xB '-D__weak=__attribute__((weak))' '-D__packed=__attribute__((__packed__))' -I"D:/workspace/minisumo/MinisumoSTM-master/minisumo/Inc" -I"D:/workspace/minisumo/MinisumoSTM-master/minisumo/Drivers/STM32F1xx_HAL_Driver/Inc" -I"D:/workspace/minisumo/MinisumoSTM-master/minisumo/Drivers/STM32F1xx_HAL_Driver/Inc/Legacy" -I"D:/workspace/minisumo/MinisumoSTM-master/minisumo/Drivers/CMSIS/Device/ST/STM32F1xx/Include" -I"D:/workspace/minisumo/MinisumoSTM-master/minisumo/Drivers/CMSIS/Include" -I"D:/workspace/minisumo/MinisumoSTM-master/minisumo/Inc" -I"D:/workspace/minisumo/MinisumoSTM-master/minisumo/Drivers/CMSIS/Include" -I../../../../../Drivers/CMSIS/Include -I../../../../../../../Drivers/CMSIS/Include -I../../../../../../../../../Drivers/CMSIS/Include -I../../../../../../../../../../../Drivers/CMSIS/Include  -Og -g3 -Wall -fmessage-length=0 -ffunction-sections -c -fmessage-length=0 -MMD -MP -MF"Drivers/STM32F1xx_HAL_Driver/stm32f1xx_hal_tim_ex.d" -MT"Drivers/STM32F1xx_HAL_Driver/stm32f1xx_hal_tim_ex.o" -o "Drivers/STM32F1xx_HAL_Driver/stm32f1xx_hal_tim_ex.o" "D:/workspace/minisumo/MinisumoSTM-master/minisumo/Drivers/STM32F1xx_HAL_Driver/Src/stm32f1xx_hal_tim_ex.c"
<command-line>:0:0: warning: "__packed" redefined
<command-line>:0:0: note: this is the location of the previous definition
Finished building: D:/workspace/minisumo/MinisumoSTM-master/minisumo/Drivers/STM32F1xx_HAL_Driver/Src/stm32f1xx_hal_tim_ex.c
 
Building file: D:/workspace/minisumo/MinisumoSTM-master/minisumo/Drivers/STM32F1xx_HAL_Driver/Src/stm32f1xx_hal_uart.c
Invoking: MCU GCC Compiler
D:\workspace\minisumo\MinisumoSTM-master\minisumo\SW4STM32\minisumo\Debug
arm-none-eabi-gcc -mcpu=cortex-m3 -mthumb -mfloat-abi=soft '-D__weak=__attribute__((weak))' '-D__packed="__attribute__((__packed__))"' -DUSE_HAL_DRIVER -DSTM32F100xB '-D__weak=__attribute__((weak))' '-D__packed=__attribute__((__packed__))' -I"D:/workspace/minisumo/MinisumoSTM-master/minisumo/Inc" -I"D:/workspace/minisumo/MinisumoSTM-master/minisumo/Drivers/STM32F1xx_HAL_Driver/Inc" -I"D:/workspace/minisumo/MinisumoSTM-master/minisumo/Drivers/STM32F1xx_HAL_Driver/Inc/Legacy" -I"D:/workspace/minisumo/MinisumoSTM-master/minisumo/Drivers/CMSIS/Device/ST/STM32F1xx/Include" -I"D:/workspace/minisumo/MinisumoSTM-master/minisumo/Drivers/CMSIS/Include" -I"D:/workspace/minisumo/MinisumoSTM-master/minisumo/Inc" -I"D:/workspace/minisumo/MinisumoSTM-master/minisumo/Drivers/CMSIS/Include" -I../../../../../Drivers/CMSIS/Include -I../../../../../../../Drivers/CMSIS/Include -I../../../../../../../../../Drivers/CMSIS/Include -I../../../../../../../../../../../Drivers/CMSIS/Include  -Og -g3 -Wall -fmessage-length=0 -ffunction-sections -c -fmessage-length=0 -MMD -MP -MF"Drivers/STM32F1xx_HAL_Driver/stm32f1xx_hal_uart.d" -MT"Drivers/STM32F1xx_HAL_Driver/stm32f1xx_hal_uart.o" -o "Drivers/STM32F1xx_HAL_Driver/stm32f1xx_hal_uart.o" "D:/workspace/minisumo/MinisumoSTM-master/minisumo/Drivers/STM32F1xx_HAL_Driver/Src/stm32f1xx_hal_uart.c"
<command-line>:0:0: warning: "__packed" redefined
<command-line>:0:0: note: this is the location of the previous definition
Finished building: D:/workspace/minisumo/MinisumoSTM-master/minisumo/Drivers/STM32F1xx_HAL_Driver/Src/stm32f1xx_hal_uart.c
 
Building file: D:/workspace/minisumo/MinisumoSTM-master/minisumo/Src/system_stm32f1xx.c
Invoking: MCU GCC Compiler
D:\workspace\minisumo\MinisumoSTM-master\minisumo\SW4STM32\minisumo\Debug
[...]
<command-line>:0:0: warning: "__packed" redefined
<command-line>:0:0: note: this is the location of the previous definition
D:/workspace/MinisumoSTM/minisumo/Src/main.c: In function 'HAL_UART_RxCpltCallback':
D:/workspace/MinisumoSTM/minisumo/Src/main.c:81:15: warning: pointer targets in passing argument 1 of 'atoi' differ in signedness [-Wpointer-sign]
  switch (atoi(&Received)) {
               ^
In file included from d:\programs\stmworkbeanch\plugins\fr.ac6.mcu.externaltools.arm-none.win32_1.13.3.201707031232\tools\compiler\arm-none-eabi\include\stdio.h:29:0,
                 from D:/workspace/MinisumoSTM/minisumo/Drivers/STM32F1xx_HAL_Driver/Inc/stm32f1xx_hal_def.h:52,
                 from D:/workspace/MinisumoSTM/minisumo/Drivers/STM32F1xx_HAL_Driver/Inc/stm32f1xx_hal_rcc.h:47,
                 from D:/workspace/MinisumoSTM/minisumo/Inc/stm32f1xx_hal_conf.h:219,
                 from D:/workspace/MinisumoSTM/minisumo/Drivers/STM32F1xx_HAL_Driver/Inc/stm32f1xx_hal.h:48,
                 from D:/workspace/MinisumoSTM/minisumo/Src/main.c:40:
d:\programs\stmworkbeanch\plugins\fr.ac6.mcu.externaltools.arm-none.win32_1.13.3.201707031232\tools\compiler\arm-none-eabi\include\stdlib.h:81:5: note: expected 'const char *' but argument is of type 'uint8_t * {aka unsigned char *}'
 int _EXFUN(atoi,(const char *__nptr));
     ^
D:/workspace/MinisumoSTM/minisumo/Src/main.c:84:18: warning: pointer targets in passing argument 1 of 'sprintf' differ in signedness [-Wpointer-sign]
   size = sprintf(Data, "STOP\n\r");
                  ^
In file included from d:\programs\stmworkbeanch\plugins\fr.ac6.mcu.externaltools.arm-none.win32_1.13.3.201707031232\tools\compiler\arm-none-eabi\include\stdio.h:29:0,
                 from D:/workspace/MinisumoSTM/minisumo/Drivers/STM32F1xx_HAL_Driver/Inc/stm32f1xx_hal_def.h:52,
                 from D:/workspace/MinisumoSTM/minisumo/Drivers/STM32F1xx_HAL_Driver/Inc/stm32f1xx_hal_rcc.h:47,
                 from D:/workspace/MinisumoSTM/minisumo/Inc/stm32f1xx_hal_conf.h:219,
                 from D:/workspace/MinisumoSTM/minisumo/Drivers/STM32F1xx_HAL_Driver/Inc/stm32f1xx_hal.h:48,
                 from D:/workspace/MinisumoSTM/minisumo/Src/main.c:40:
d:\programs\stmworkbeanch\plugins\fr.ac6.mcu.externaltools.arm-none.win32_1.13.3.201707031232\tools\compiler\arm-none-eabi\include\stdio.h:244:5: note: expected 'char * restrict' but argument is of type 'uint8_t * {aka unsigned char *}'
 int _EXFUN(sprintf, (char *__restrict, const char *__restrict, ...)
     ^
D:/workspace/MinisumoSTM/minisumo/Src/main.c:92:18: warning: pointer targets in passing argument 1 of 'sprintf' differ in signedness [-Wpointer-sign]
   size = sprintf(Data, "START\n\r");
                  ^
In file included from d:\programs\stmworkbeanch\plugins\fr.ac6.mcu.externaltools.arm-none.win32_1.13.3.201707031232\tools\compiler\arm-none-eabi\include\stdio.h:29:0,
                 from D:/workspace/MinisumoSTM/minisumo/Drivers/STM32F1xx_HAL_Driver/Inc/stm32f1xx_hal_def.h:52,
                 from D:/workspace/MinisumoSTM/minisumo/Drivers/STM32F1xx_HAL_Driver/Inc/stm32f1xx_hal_rcc.h:47,
                 from D:/workspace/MinisumoSTM/minisumo/Inc/stm32f1xx_hal_conf.h:219,
                 from D:/workspace/MinisumoSTM/minisumo/Drivers/STM32F1xx_HAL_Driver/Inc/stm32f1xx_hal.h:48,
                 from D:/workspace/MinisumoSTM/minisumo/Src/main.c:40:
d:\programs\stmworkbeanch\plugins\fr.ac6.mcu.externaltools.arm-none.win32_1.13.3.201707031232\tools\compiler\arm-none-eabi\include\stdio.h:244:5: note: expected 'char * restrict' but argument is of type 'uint8_t * {aka unsigned char *}'
 int _EXFUN(sprintf, (char *__restrict, const char *__restrict, ...)
     ^
D:/workspace/MinisumoSTM/minisumo/Src/main.c:102:18: warning: pointer targets in passing argument 1 of 'sprintf' differ in signedness [-Wpointer-sign]
   size = sprintf(Data, "Odebrano nieznany znak: %c\n\r", Received);
                  ^
In file included from d:\programs\stmworkbeanch\plugins\fr.ac6.mcu.externaltools.arm-none.win32_1.13.3.201707031232\tools\compiler\arm-none-eabi\include\stdio.h:29:0,
                 from D:/workspace/MinisumoSTM/minisumo/Drivers/STM32F1xx_HAL_Driver/Inc/stm32f1xx_hal_def.h:52,
                 from D:/workspace/MinisumoSTM/minisumo/Drivers/STM32F1xx_HAL_Driver/Inc/stm32f1xx_hal_rcc.h:47,
                 from D:/workspace/MinisumoSTM/minisumo/Inc/stm32f1xx_hal_conf.h:219,
                 from D:/workspace/MinisumoSTM/minisumo/Drivers/STM32F1xx_HAL_Driver/Inc/stm32f1xx_hal.h:48,
                 from D:/workspace/MinisumoSTM/minisumo/Src/main.c:40:
d:\programs\stmworkbeanch\plugins\fr.ac6.mcu.externaltools.arm-none.win32_1.13.3.201707031232\tools\compiler\arm-none-eabi\include\stdio.h:244:5: note: expected 'char * restrict' but argument is of type 'uint8_t * {aka unsigned char *}'
 int _EXFUN(sprintf, (char *__restrict, const char *__restrict, ...)
     ^
Finished building: D:/workspace/MinisumoSTM/minisumo/Src/main.c
 
Building target: minisumo.elf
Invoking: MCU GCC Linker
arm-none-eabi-gcc -mcpu=cortex-m3 -mthumb -mfloat-abi=soft -specs=nosys.specs -specs=nano.specs -T"../STM32F100C8Tx_FLASH.ld" -Wl,-Map=output.map -Wl,--gc-sections -o "minisumo.elf" @"objects.list"   -lm
Finished building target: minisumo.elf
 
make --no-print-directory post-build
Generating binary and Printing size information:
arm-none-eabi-objcopy -O binary "minisumo.elf" "minisumo.bin"
arm-none-eabi-size "minisumo.elf"
   text	   data	    bss	    dec	    hex	filename
  12492	    476	   1772	  14740	   3994	minisumo.elf
 
22:22:13 **** Incremental Build of configuration Debug for project minisumo ****
make all 
Building file: D:/workspace/MinisumoSTM/minisumo/Src/main.c
Invoking: MCU GCC Compiler
D:\workspace\MinisumoSTM\minisumo\SW4STM32\minisumo\Debug
arm-none-eabi-gcc -mcpu=cortex-m3 -mthumb -mfloat-abi=soft '-D__weak=__attribute__((weak))' '-D__packed="__attribute__((__packed__))"' -DUSE_HAL_DRIVER -DSTM32F100xB '-D__weak=__attribute__((weak))' '-D__packed=__attribute__((__packed__))' -I"D:/workspace/MinisumoSTM/minisumo/Inc" -I"D:/workspace/MinisumoSTM/minisumo/Drivers/STM32F1xx_HAL_Driver/Inc" -I"D:/workspace/MinisumoSTM/minisumo/Drivers/STM32F1xx_HAL_Driver/Inc/Legacy" -I"D:/workspace/MinisumoSTM/minisumo/Drivers/CMSIS/Device/ST/STM32F1xx/Include" -I"D:/workspace/MinisumoSTM/minisumo/Drivers/CMSIS/Include" -I"D:/workspace/MinisumoSTM/minisumo/Inc" -I"D:/workspace/MinisumoSTM/minisumo/Drivers/CMSIS/Include" -I../../../../../Drivers/CMSIS/Include -I../../../../../../../Drivers/CMSIS/Include -I../../../../../../../../../Drivers/CMSIS/Include -I../../../../../../../../../../../Drivers/CMSIS/Include  -Og -g3 -Wall -fmessage-length=0 -ffunction-sections -c -fmessage-length=0 -MMD -MP -MF"Application/User/main.d" -MT"Application/User/main.o" -o "Application/User/main.o" "D:/workspace/MinisumoSTM/minisumo/Src/main.c"
<command-line>:0:0: warning: "__packed" redefined
<command-line>:0:0: note: this is the location of the previous definition
D:/workspace/MinisumoSTM/minisumo/Src/main.c: In function 'HAL_UART_RxCpltCallback':
D:/workspace/MinisumoSTM/minisumo/Src/main.c:81:15: warning: pointer targets in passing argument 1 of 'atoi' differ in signedness [-Wpointer-sign]
  switch (atoi(&Received)) {
               ^
In file included from d:\programs\stmworkbeanch\plugins\fr.ac6.mcu.externaltools.arm-none.win32_1.13.3.201707031232\tools\compiler\arm-none-eabi\include\stdio.h:29:0,
                 from D:/workspace/MinisumoSTM/minisumo/Drivers/STM32F1xx_HAL_Driver/Inc/stm32f1xx_hal_def.h:52,
                 from D:/workspace/MinisumoSTM/minisumo/Drivers/STM32F1xx_HAL_Driver/Inc/stm32f1xx_hal_rcc.h:47,
                 from D:/workspace/MinisumoSTM/minisumo/Inc/stm32f1xx_hal_conf.h:219,
                 from D:/workspace/MinisumoSTM/minisumo/Drivers/STM32F1xx_HAL_Driver/Inc/stm32f1xx_hal.h:48,
                 from D:/workspace/MinisumoSTM/minisumo/Src/main.c:40:
d:\programs\stmworkbeanch\plugins\fr.ac6.mcu.externaltools.arm-none.win32_1.13.3.201707031232\tools\compiler\arm-none-eabi\include\stdlib.h:81:5: note: expected 'const char *' but argument is of type 'uint8_t * {aka unsigned char *}'
 int _EXFUN(atoi,(const char *__nptr));
     ^
D:/workspace/MinisumoSTM/minisumo/Src/main.c:84:18: warning: pointer targets in passing argument 1 of 'sprintf' differ in signedness [-Wpointer-sign]
   size = sprintf(Data, "STOP\n\r");
                  ^
In file included from d:\programs\stmworkbeanch\plugins\fr.ac6.mcu.externaltools.arm-none.win32_1.13.3.201707031232\tools\compiler\arm-none-eabi\include\stdio.h:29:0,
                 from D:/workspace/MinisumoSTM/minisumo/Drivers/STM32F1xx_HAL_Driver/Inc/stm32f1xx_hal_def.h:52,
                 from D:/workspace/MinisumoSTM/minisumo/Drivers/STM32F1xx_HAL_Driver/Inc/stm32f1xx_hal_rcc.h:47,
                 from D:/workspace/MinisumoSTM/minisumo/Inc/stm32f1xx_hal_conf.h:219,
                 from D:/workspace/MinisumoSTM/minisumo/Drivers/STM32F1xx_HAL_Driver/Inc/stm32f1xx_hal.h:48,
                 from D:/workspace/MinisumoSTM/minisumo/Src/main.c:40:
d:\programs\stmworkbeanch\plugins\fr.ac6.mcu.externaltools.arm-none.win32_1.13.3.201707031232\tools\compiler\arm-none-eabi\include\stdio.h:244:5: note: expected 'char * restrict' but argument is of type 'uint8_t * {aka unsigned char *}'
 int _EXFUN(sprintf, (char *__restrict, const char *__restrict, ...)
     ^
D:/workspace/MinisumoSTM/minisumo/Src/main.c:92:18: warning: pointer targets in passing argument 1 of 'sprintf' differ in signedness [-Wpointer-sign]
   size = sprintf(Data, "START\n\r");
                  ^
In file included from d:\programs\stmworkbeanch\plugins\fr.ac6.mcu.externaltools.arm-none.win32_1.13.3.201707031232\tools\compiler\arm-none-eabi\include\stdio.h:29:0,
                 from D:/workspace/MinisumoSTM/minisumo/Drivers/STM32F1xx_HAL_Driver/Inc/stm32f1xx_hal_def.h:52,
                 from D:/workspace/MinisumoSTM/minisumo/Drivers/STM32F1xx_HAL_Driver/Inc/stm32f1xx_hal_rcc.h:47,
                 from D:/workspace/MinisumoSTM/minisumo/Inc/stm32f1xx_hal_conf.h:219,
                 from D:/workspace/MinisumoSTM/minisumo/Drivers/STM32F1xx_HAL_Driver/Inc/stm32f1xx_hal.h:48,
                 from D:/workspace/MinisumoSTM/minisumo/Src/main.c:40:
d:\programs\stmworkbeanch\plugins\fr.ac6.mcu.externaltools.arm-none.win32_1.13.3.201707031232\tools\compiler\arm-none-eabi\include\stdio.h:244:5: note: expected 'char * restrict' but argument is of type 'uint8_t * {aka unsigned char *}'
 int _EXFUN(sprintf, (char *__restrict, const char *__restrict, ...)
     ^
D:/workspace/MinisumoSTM/minisumo/Src/main.c:101:18: warning: pointer targets in passing argument 1 of 'sprintf' differ in signedness [-Wpointer-sign]
   size = sprintf(Data, "Odebrano nieznany znak: %c\n\r", Received);
                  ^
In file included from d:\programs\stmworkbeanch\plugins\fr.ac6.mcu.externaltools.arm-none.win32_1.13.3.201707031232\tools\compiler\arm-none-eabi\include\stdio.h:29:0,
                 from D:/workspace/MinisumoSTM/minisumo/Drivers/STM32F1xx_HAL_Driver/Inc/stm32f1xx_hal_def.h:52,
                 from D:/workspace/MinisumoSTM/minisumo/Drivers/STM32F1xx_HAL_Driver/Inc/stm32f1xx_hal_rcc.h:47,
                 from D:/workspace/MinisumoSTM/minisumo/Inc/stm32f1xx_hal_conf.h:219,
                 from D:/workspace/MinisumoSTM/minisumo/Drivers/STM32F1xx_HAL_Driver/Inc/stm32f1xx_hal.h:48,
                 from D:/workspace/MinisumoSTM/minisumo/Src/main.c:40:
d:\programs\stmworkbeanch\plugins\fr.ac6.mcu.externaltools.arm-none.win32_1.13.3.201707031232\tools\compiler\arm-none-eabi\include\stdio.h:244:5: note: expected 'char * restrict' but argument is of type 'uint8_t * {aka unsigned char *}'
 int _EXFUN(sprintf, (char *__restrict, const char *__restrict, ...)
     ^
Finished building: D:/workspace/MinisumoSTM/minisumo/Src/main.c
 
Building target: minisumo.elf
Invoking: MCU GCC Linker
arm-none-eabi-gcc -mcpu=cortex-m3 -mthumb -mfloat-abi=soft -specs=nosys.specs -specs=nano.specs -T"../STM32F100C8Tx_FLASH.ld" -Wl,-Map=output.map -Wl,--gc-sections -o "minisumo.elf" @"objects.list"   -lm
Finished building target: minisumo.elf
 
make --no-print-directory post-build
Generating binary and Printing size information:
arm-none-eabi-objcopy -O binary "minisumo.elf" "minisumo.bin"
arm-none-eabi-size "minisumo.elf"
   text	   data	    bss	    dec	    hex	filename
  12484	    476	   1772	  14732	   398c	minisumo.elf
 
22:28:26 **** Incremental Build of configuration Debug for project minisumo ****
make all 
Building file: D:/workspace/MinisumoSTM/minisumo/Src/main.c
Invoking: MCU GCC Compiler
D:\workspace\MinisumoSTM\minisumo\SW4STM32\minisumo\Debug
arm-none-eabi-gcc -mcpu=cortex-m3 -mthumb -mfloat-abi=soft '-D__weak=__attribute__((weak))' '-D__packed="__attribute__((__packed__))"' -DUSE_HAL_DRIVER -DSTM32F100xB '-D__weak=__attribute__((weak))' '-D__packed=__attribute__((__packed__))' -I"D:/workspace/MinisumoSTM/minisumo/Inc" -I"D:/workspace/MinisumoSTM/minisumo/Drivers/STM32F1xx_HAL_Driver/Inc" -I"D:/workspace/MinisumoSTM/minisumo/Drivers/STM32F1xx_HAL_Driver/Inc/Legacy" -I"D:/workspace/MinisumoSTM/minisumo/Drivers/CMSIS/Device/ST/STM32F1xx/Include" -I"D:/workspace/MinisumoSTM/minisumo/Drivers/CMSIS/Include" -I"D:/workspace/MinisumoSTM/minisumo/Inc" -I"D:/workspace/MinisumoSTM/minisumo/Drivers/CMSIS/Include" -I../../../../../Drivers/CMSIS/Include -I../../../../../../../Drivers/CMSIS/Include -I../../../../../../../../../Drivers/CMSIS/Include -I../../../../../../../../../../../Drivers/CMSIS/Include  -Og -g3 -Wall -fmessage-length=0 -ffunction-sections -c -fmessage-length=0 -MMD -MP -MF"Application/User/main.d" -MT"Application/User/main.o" -o "Application/User/main.o" "D:/workspace/MinisumoSTM/minisumo/Src/main.c"
<command-line>:0:0: warning: "__packed" redefined
<command-line>:0:0: note: this is the location of the previous definition
D:/workspace/MinisumoSTM/minisumo/Src/main.c: In function 'HAL_UART_RxCpltCallback':
D:/workspace/MinisumoSTM/minisumo/Src/main.c:81:15: warning: pointer targets in passing argument 1 of 'atoi' differ in signedness [-Wpointer-sign]
  switch (atoi(&Received)) {
               ^
In file included from d:\programs\stmworkbeanch\plugins\fr.ac6.mcu.externaltools.arm-none.win32_1.13.3.201707031232\tools\compiler\arm-none-eabi\include\stdio.h:29:0,
                 from D:/workspace/MinisumoSTM/minisumo/Drivers/STM32F1xx_HAL_Driver/Inc/stm32f1xx_hal_def.h:52,
                 from D:/workspace/MinisumoSTM/minisumo/Drivers/STM32F1xx_HAL_Driver/Inc/stm32f1xx_hal_rcc.h:47,
                 from D:/workspace/MinisumoSTM/minisumo/Inc/stm32f1xx_hal_conf.h:219,
                 from D:/workspace/MinisumoSTM/minisumo/Drivers/STM32F1xx_HAL_Driver/Inc/stm32f1xx_hal.h:48,
                 from D:/workspace/MinisumoSTM/minisumo/Src/main.c:40:
d:\programs\stmworkbeanch\plugins\fr.ac6.mcu.externaltools.arm-none.win32_1.13.3.201707031232\tools\compiler\arm-none-eabi\include\stdlib.h:81:5: note: expected 'const char *' but argument is of type 'uint8_t * {aka unsigned char *}'
 int _EXFUN(atoi,(const char *__nptr));
     ^
D:/workspace/MinisumoSTM/minisumo/Src/main.c:84:18: warning: pointer targets in passing argument 1 of 'sprintf' differ in signedness [-Wpointer-sign]
   size = sprintf(Data, "STOP\n\r");
                  ^
In file included from d:\programs\stmworkbeanch\plugins\fr.ac6.mcu.externaltools.arm-none.win32_1.13.3.201707031232\tools\compiler\arm-none-eabi\include\stdio.h:29:0,
                 from D:/workspace/MinisumoSTM/minisumo/Drivers/STM32F1xx_HAL_Driver/Inc/stm32f1xx_hal_def.h:52,
                 from D:/workspace/MinisumoSTM/minisumo/Drivers/STM32F1xx_HAL_Driver/Inc/stm32f1xx_hal_rcc.h:47,
                 from D:/workspace/MinisumoSTM/minisumo/Inc/stm32f1xx_hal_conf.h:219,
                 from D:/workspace/MinisumoSTM/minisumo/Drivers/STM32F1xx_HAL_Driver/Inc/stm32f1xx_hal.h:48,
                 from D:/workspace/MinisumoSTM/minisumo/Src/main.c:40:
d:\programs\stmworkbeanch\plugins\fr.ac6.mcu.externaltools.arm-none.win32_1.13.3.201707031232\tools\compiler\arm-none-eabi\include\stdio.h:244:5: note: expected 'char * restrict' but argument is of type 'uint8_t * {aka unsigned char *}'
 int _EXFUN(sprintf, (char *__restrict, const char *__restrict, ...)
     ^
D:/workspace/MinisumoSTM/minisumo/Src/main.c:92:18: warning: pointer targets in passing argument 1 of 'sprintf' differ in signedness [-Wpointer-sign]
   size = sprintf(Data, "START\n\r");
                  ^
In file included from d:\programs\stmworkbeanch\plugins\fr.ac6.mcu.externaltools.arm-none.win32_1.13.3.201707031232\tools\compiler\arm-none-eabi\include\stdio.h:29:0,
                 from D:/workspace/MinisumoSTM/minisumo/Drivers/STM32F1xx_HAL_Driver/Inc/stm32f1xx_hal_def.h:52,
                 from D:/workspace/MinisumoSTM/minisumo/Drivers/STM32F1xx_HAL_Driver/Inc/stm32f1xx_hal_rcc.h:47,
                 from D:/workspace/MinisumoSTM/minisumo/Inc/stm32f1xx_hal_conf.h:219,
                 from D:/workspace/MinisumoSTM/minisumo/Drivers/STM32F1xx_HAL_Driver/Inc/stm32f1xx_hal.h:48,
                 from D:/workspace/MinisumoSTM/minisumo/Src/main.c:40:
d:\programs\stmworkbeanch\plugins\fr.ac6.mcu.externaltools.arm-none.win32_1.13.3.201707031232\tools\compiler\arm-none-eabi\include\stdio.h:244:5: note: expected 'char * restrict' but argument is of type 'uint8_t * {aka unsigned char *}'
 int _EXFUN(sprintf, (char *__restrict, const char *__restrict, ...)
     ^
D:/workspace/MinisumoSTM/minisumo/Src/main.c:101:18: warning: pointer targets in passing argument 1 of 'sprintf' differ in signedness [-Wpointer-sign]
   size = sprintf(Data, "Odebrano nieznany znak: %c\n\r", Received);
                  ^
In file included from d:\programs\stmworkbeanch\plugins\fr.ac6.mcu.externaltools.arm-none.win32_1.13.3.201707031232\tools\compiler\arm-none-eabi\include\stdio.h:29:0,
                 from D:/workspace/MinisumoSTM/minisumo/Drivers/STM32F1xx_HAL_Driver/Inc/stm32f1xx_hal_def.h:52,
                 from D:/workspace/MinisumoSTM/minisumo/Drivers/STM32F1xx_HAL_Driver/Inc/stm32f1xx_hal_rcc.h:47,
                 from D:/workspace/MinisumoSTM/minisumo/Inc/stm32f1xx_hal_conf.h:219,
                 from D:/workspace/MinisumoSTM/minisumo/Drivers/STM32F1xx_HAL_Driver/Inc/stm32f1xx_hal.h:48,
                 from D:/workspace/MinisumoSTM/minisumo/Src/main.c:40:
d:\programs\stmworkbeanch\plugins\fr.ac6.mcu.externaltools.arm-none.win32_1.13.3.201707031232\tools\compiler\arm-none-eabi\include\stdio.h:244:5: note: expected 'char * restrict' but argument is of type 'uint8_t * {aka unsigned char *}'
 int _EXFUN(sprintf, (char *__restrict, const char *__restrict, ...)
     ^
Finished building: D:/workspace/MinisumoSTM/minisumo/Src/main.c
 
Building target: minisumo.elf
Invoking: MCU GCC Linker
arm-none-eabi-gcc -mcpu=cortex-m3 -mthumb -mfloat-abi=soft -specs=nosys.specs -specs=nano.specs -T"../STM32F100C8Tx_FLASH.ld" -Wl,-Map=output.map -Wl,--gc-sections -o "minisumo.elf" @"objects.list"   -lm
Finished building target: minisumo.elf
 
make --no-print-directory post-build
Generating binary and Printing size information:
arm-none-eabi-objcopy -O binary "minisumo.elf" "minisumo.bin"
arm-none-eabi-size "minisumo.elf"
   text	   data	    bss	    dec	    hex	filename
  12536	    476	   1772	  14784	   39c0	minisumo.elf
 
22:30:07 **** Incremental Build of configuration Debug for project minisumo ****
make all 
make: Nothing to be done for `all'.
