15:07:19 **** Incremental Build of configuration Debug for project minisumo ****
make all 
Building file: D:/workspace/MinisumoSTM/minisumo/Src/main.c
Invoking: MCU GCC Compiler
D:\workspace\MinisumoSTM\minisumo\SW4STM32\minisumo\Debug
arm-none-eabi-gcc -mcpu=cortex-m3 -mthumb -mfloat-abi=soft '-D__weak=__attribute__((weak))' '-D__packed="__attribute__((__packed__))"' -DUSE_HAL_DRIVER -DSTM32F100xB '-D__weak=__attribute__((weak))' '-D__packed=__attribute__((__packed__))' -I"D:/workspace/MinisumoSTM/minisumo/Inc" -I"D:/workspace/MinisumoSTM/minisumo/Drivers/STM32F1xx_HAL_Driver/Inc" -I"D:/workspace/MinisumoSTM/minisumo/Drivers/STM32F1xx_HAL_Driver/Inc/Legacy" -I"D:/workspace/MinisumoSTM/minisumo/Drivers/CMSIS/Device/ST/STM32F1xx/Include" -I"D:/workspace/MinisumoSTM/minisumo/Drivers/CMSIS/Include" -I"D:/workspace/MinisumoSTM/minisumo/Inc" -I"D:/workspace/MinisumoSTM/minisumo/Drivers/CMSIS/Include" -I../../../../../Drivers/CMSIS/Include -I../../../../../../../Drivers/CMSIS/Include -I../../../../../../../../../Drivers/CMSIS/Include -I../../../../../../../../../../../Drivers/CMSIS/Include  -Og -g3 -Wall -fmessage-length=0 -ffunction-sections -c -fmessage-length=0 -MMD -MP -MF"Application/User/main.d" -MT"Application/User/main.o" -o "Application/User/main.o" "D:/workspace/MinisumoSTM/minisumo/Src/main.c"
<command-line>:0:0: warning: "__packed" redefined
<command-line>:0:0: note: this is the location of the previous definition
D:/workspace/MinisumoSTM/minisumo/Src/main.c: In function 'HAL_UART_RxCpltCallback':
D:/workspace/MinisumoSTM/minisumo/Src/main.c:81:15: warning: pointer targets in passing argument 1 of 'atoi' differ in signedness [-Wpointer-sign]
  switch (atoi(&Received)) {
               ^
In file included from d:\programs\stmworkbeanch\plugins\fr.ac6.mcu.externaltools.arm-none.win32_1.13.3.201707031232\tools\compiler\arm-none-eabi\include\stdio.h:29:0,
                 from D:/workspace/MinisumoSTM/minisumo/Drivers/STM32F1xx_HAL_Driver/Inc/stm32f1xx_hal_def.h:52,
                 from D:/workspace/MinisumoSTM/minisumo/Drivers/STM32F1xx_HAL_Driver/Inc/stm32f1xx_hal_rcc.h:47,
                 from D:/workspace/MinisumoSTM/minisumo/Inc/stm32f1xx_hal_conf.h:219,
                 from D:/workspace/MinisumoSTM/minisumo/Drivers/STM32F1xx_HAL_Driver/Inc/stm32f1xx_hal.h:48,
                 from D:/workspace/MinisumoSTM/minisumo/Src/main.c:40:
d:\programs\stmworkbeanch\plugins\fr.ac6.mcu.externaltools.arm-none.win32_1.13.3.201707031232\tools\compiler\arm-none-eabi\include\stdlib.h:81:5: note: expected 'const char *' but argument is of type 'uint8_t * {aka unsigned char *}'
 int _EXFUN(atoi,(const char *__nptr));
     ^
D:/workspace/MinisumoSTM/minisumo/Src/main.c:89:18: warning: pointer targets in passing argument 1 of 'sprintf' differ in signedness [-Wpointer-sign]
   size = sprintf(Data, "STOP\n\r");
                  ^
In file included from d:\programs\stmworkbeanch\plugins\fr.ac6.mcu.externaltools.arm-none.win32_1.13.3.201707031232\tools\compiler\arm-none-eabi\include\stdio.h:29:0,
                 from D:/workspace/MinisumoSTM/minisumo/Drivers/STM32F1xx_HAL_Driver/Inc/stm32f1xx_hal_def.h:52,
                 from D:/workspace/MinisumoSTM/minisumo/Drivers/STM32F1xx_HAL_Driver/Inc/stm32f1xx_hal_rcc.h:47,
                 from D:/workspace/MinisumoSTM/minisumo/Inc/stm32f1xx_hal_conf.h:219,
                 from D:/workspace/MinisumoSTM/minisumo/Drivers/STM32F1xx_HAL_Driver/Inc/stm32f1xx_hal.h:48,
                 from D:/workspace/MinisumoSTM/minisumo/Src/main.c:40:
d:\programs\stmworkbeanch\plugins\fr.ac6.mcu.externaltools.arm-none.win32_1.13.3.201707031232\tools\compiler\arm-none-eabi\include\stdio.h:244:5: note: expected 'char * restrict' but argument is of type 'uint8_t * {aka unsigned char *}'
 int _EXFUN(sprintf, (char *__restrict, const char *__restrict, ...)
     ^
D:/workspace/MinisumoSTM/minisumo/Src/main.c:96:18: warning: pointer targets in passing argument 1 of 'sprintf' differ in signedness [-Wpointer-sign]
   size = sprintf(Data, "START\n\r");
                  ^
In file included from d:\programs\stmworkbeanch\plugins\fr.ac6.mcu.externaltools.arm-none.win32_1.13.3.201707031232\tools\compiler\arm-none-eabi\include\stdio.h:29:0,
                 from D:/workspace/MinisumoSTM/minisumo/Drivers/STM32F1xx_HAL_Driver/Inc/stm32f1xx_hal_def.h:52,
                 from D:/workspace/MinisumoSTM/minisumo/Drivers/STM32F1xx_HAL_Driver/Inc/stm32f1xx_hal_rcc.h:47,
                 from D:/workspace/MinisumoSTM/minisumo/Inc/stm32f1xx_hal_conf.h:219,
                 from D:/workspace/MinisumoSTM/minisumo/Drivers/STM32F1xx_HAL_Driver/Inc/stm32f1xx_hal.h:48,
                 from D:/workspace/MinisumoSTM/minisumo/Src/main.c:40:
d:\programs\stmworkbeanch\plugins\fr.ac6.mcu.externaltools.arm-none.win32_1.13.3.201707031232\tools\compiler\arm-none-eabi\include\stdio.h:244:5: note: expected 'char * restrict' but argument is of type 'uint8_t * {aka unsigned char *}'
 int _EXFUN(sprintf, (char *__restrict, const char *__restrict, ...)
     ^
D:/workspace/MinisumoSTM/minisumo/Src/main.c:106:19: warning: pointer targets in passing argument 1 of 'sprintf' differ in signedness [-Wpointer-sign]
    size = sprintf(Data, "1");
                   ^
In file included from d:\programs\stmworkbeanch\plugins\fr.ac6.mcu.externaltools.arm-none.win32_1.13.3.201707031232\tools\compiler\arm-none-eabi\include\stdio.h:29:0,
                 from D:/workspace/MinisumoSTM/minisumo/Drivers/STM32F1xx_HAL_Driver/Inc/stm32f1xx_hal_def.h:52,
                 from D:/workspace/MinisumoSTM/minisumo/Drivers/STM32F1xx_HAL_Driver/Inc/stm32f1xx_hal_rcc.h:47,
                 from D:/workspace/MinisumoSTM/minisumo/Inc/stm32f1xx_hal_conf.h:219,
                 from D:/workspace/MinisumoSTM/minisumo/Drivers/STM32F1xx_HAL_Driver/Inc/stm32f1xx_hal.h:48,
                 from D:/workspace/MinisumoSTM/minisumo/Src/main.c:40:
d:\programs\stmworkbeanch\plugins\fr.ac6.mcu.externaltools.arm-none.win32_1.13.3.201707031232\tools\compiler\arm-none-eabi\include\stdio.h:244:5: note: expected 'char * restrict' but argument is of type 'uint8_t * {aka unsigned char *}'
 int _EXFUN(sprintf, (char *__restrict, const char *__restrict, ...)
     ^
D:/workspace/MinisumoSTM/minisumo/Src/main.c:108:19: warning: pointer targets in passing argument 1 of 'sprintf' differ in signedness [-Wpointer-sign]
    size = sprintf(Data, "0");
                   ^
In file included from d:\programs\stmworkbeanch\plugins\fr.ac6.mcu.externaltools.arm-none.win32_1.13.3.201707031232\tools\compiler\arm-none-eabi\include\stdio.h:29:0,
                 from D:/workspace/MinisumoSTM/minisumo/Drivers/STM32F1xx_HAL_Driver/Inc/stm32f1xx_hal_def.h:52,
                 from D:/workspace/MinisumoSTM/minisumo/Drivers/STM32F1xx_HAL_Driver/Inc/stm32f1xx_hal_rcc.h:47,
                 from D:/workspace/MinisumoSTM/minisumo/Inc/stm32f1xx_hal_conf.h:219,
                 from D:/workspace/MinisumoSTM/minisumo/Drivers/STM32F1xx_HAL_Driver/Inc/stm32f1xx_hal.h:48,
                 from D:/workspace/MinisumoSTM/minisumo/Src/main.c:40:
d:\programs\stmworkbeanch\plugins\fr.ac6.mcu.externaltools.arm-none.win32_1.13.3.201707031232\tools\compiler\arm-none-eabi\include\stdio.h:244:5: note: expected 'char * restrict' but argument is of type 'uint8_t * {aka unsigned char *}'
 int _EXFUN(sprintf, (char *__restrict, const char *__restrict, ...)
     ^
D:/workspace/MinisumoSTM/minisumo/Src/main.c:113:18: warning: pointer targets in passing argument 1 of 'sprintf' differ in signedness [-Wpointer-sign]
   size = sprintf(Data, "Odebrano nieznany znak: %c\n\r", Received);
                  ^
In file included from d:\programs\stmworkbeanch\plugins\fr.ac6.mcu.externaltools.arm-none.win32_1.13.3.201707031232\tools\compiler\arm-none-eabi\include\stdio.h:29:0,
                 from D:/workspace/MinisumoSTM/minisumo/Drivers/STM32F1xx_HAL_Driver/Inc/stm32f1xx_hal_def.h:52,
                 from D:/workspace/MinisumoSTM/minisumo/Drivers/STM32F1xx_HAL_Driver/Inc/stm32f1xx_hal_rcc.h:47,
                 from D:/workspace/MinisumoSTM/minisumo/Inc/stm32f1xx_hal_conf.h:219,
                 from D:/workspace/MinisumoSTM/minisumo/Drivers/STM32F1xx_HAL_Driver/Inc/stm32f1xx_hal.h:48,
                 from D:/workspace/MinisumoSTM/minisumo/Src/main.c:40:
d:\programs\stmworkbeanch\plugins\fr.ac6.mcu.externaltools.arm-none.win32_1.13.3.201707031232\tools\compiler\arm-none-eabi\include\stdio.h:244:5: note: expected 'char * restrict' but argument is of type 'uint8_t * {aka unsigned char *}'
 int _EXFUN(sprintf, (char *__restrict, const char *__restrict, ...)
     ^
Finished building: D:/workspace/MinisumoSTM/minisumo/Src/main.c
 
Building target: minisumo.elf
Invoking: MCU GCC Linker
arm-none-eabi-gcc -mcpu=cortex-m3 -mthumb -mfloat-abi=soft -specs=nosys.specs -specs=nano.specs -T"../STM32F100C8Tx_FLASH.ld" -Wl,-Map=output.map -Wl,--gc-sections -o "minisumo.elf" @"objects.list"   -lm
Finished building target: minisumo.elf
 
make --no-print-directory post-build
Generating binary and Printing size information:
arm-none-eabi-objcopy -O binary "minisumo.elf" "minisumo.bin"
arm-none-eabi-size "minisumo.elf"
   text	   data	    bss	    dec	    hex	filename
  12592	    476	   1772	  14840	   39f8	minisumo.elf
 

15:07:20 Build Finished (took 938ms)

