19:34:46 **** Incremental Build of configuration Debug for project minisumo ****
make all 
Building file: D:/workspace/MinisumoSTM/minisumo/Src/main.c
Invoking: MCU GCC Compiler
D:\workspace\MinisumoSTM\minisumo\SW4STM32\minisumo\Debug
arm-none-eabi-gcc -mcpu=cortex-m3 -mthumb -mfloat-abi=soft '-D__weak=__attribute__((weak))' '-D__packed="__attribute__((__packed__))"' -DUSE_HAL_DRIVER -DSTM32F100xB '-D__weak=__attribute__((weak))' '-D__packed=__attribute__((__packed__))' -I"D:/workspace/MinisumoSTM/minisumo/Inc" -I"D:/workspace/MinisumoSTM/minisumo/Drivers/STM32F1xx_HAL_Driver/Inc" -I"D:/workspace/MinisumoSTM/minisumo/Drivers/STM32F1xx_HAL_Driver/Inc/Legacy" -I"D:/workspace/MinisumoSTM/minisumo/Drivers/CMSIS/Device/ST/STM32F1xx/Include" -I"D:/workspace/MinisumoSTM/minisumo/Drivers/CMSIS/Include" -I"D:/workspace/MinisumoSTM/minisumo/Inc" -I"D:/workspace/MinisumoSTM/minisumo/Drivers/CMSIS/Include" -I../../../../../Drivers/CMSIS/Include -I../../../../../../../Drivers/CMSIS/Include -I../../../../../../../../../Drivers/CMSIS/Include -I../../../../../../../../../../../Drivers/CMSIS/Include  -Og -g3 -Wall -fmessage-length=0 -ffunction-sections -c -fmessage-length=0 -MMD -MP -MF"Application/User/main.d" -MT"Application/User/main.o" -o "Application/User/main.o" "D:/workspace/MinisumoSTM/minisumo/Src/main.c"
<command-line>:0:0: warning: "__packed" redefined
<command-line>:0:0: note: this is the location of the previous definition
Finished building: D:/workspace/MinisumoSTM/minisumo/Src/main.c
 
Building target: minisumo.elf
Invoking: MCU GCC Linker
arm-none-eabi-gcc -mcpu=cortex-m3 -mthumb -mfloat-abi=soft -specs=nosys.specs -specs=nano.specs -T"../STM32F100C8Tx_FLASH.ld" -Wl,-Map=output.map -Wl,--gc-sections -o "minisumo.elf" @"objects.list"   -lm
Finished building target: minisumo.elf
 
make --no-print-directory post-build
Generating binary and Printing size information:
arm-none-eabi-objcopy -O binary "minisumo.elf" "minisumo.bin"
arm-none-eabi-size "minisumo.elf"
   text	   data	    bss	    dec	    hex	filename
  12984	    476	   1988	  15448	   3c58	minisumo.elf
 

19:34:47 Build Finished (took 847ms)

